node_modules/next/dist/client/link.d.ts(2,8): error TS1259: Module '"C:/Users/Chama/OneDrive/Documents/Quiz/nextjs/node_modules/@types/react/index"' can only be default-imported using the 'esModuleInterop' flag
node_modules/next/dist/shared/lib/dynamic.d.ts(1,8): error TS1259: Module '"C:/Users/Chama/OneDrive/Documents/Quiz/nextjs/node_modules/@types/react/index"' can only be default-imported using the 'esModuleInterop' flag
src/app/more/admin-dashboard/page.tsx(5,42): error TS6142: Module '../../../components/AdminAlerts' was resolved to 'C:/Users/Chama/OneDrive/Documents/Quiz/nextjs/src/components/AdminAlerts.tsx', but '--jsx' is not set.
src/app/more/admin-dashboard/page.tsx(6,45): error TS6142: Module '../../../components/AdminAnalytics' was resolved to 'C:/Users/Chama/OneDrive/Documents/Quiz/nextjs/src/components/AdminAnalytics.tsx', but '--jsx' is not set.
src/app/more/admin-dashboard/page.tsx(7,42): error TS6142: Module '../../../components/AdminSystem' was resolved to 'C:/Users/Chama/OneDrive/Documents/Quiz/nextjs/src/components/AdminSystem.tsx', but '--jsx' is not set.
src/app/more/admin-dashboard/page.tsx(8,46): error TS6142: Module '../../../components/UpiRequestPanel' was resolved to 'C:/Users/Chama/OneDrive/Documents/Quiz/nextjs/src/components/UpiRequestPanel.tsx', but '--jsx' is not set.
src/app/more/admin-dashboard/page.tsx(12,5): error TS17004: Cannot use JSX unless the '--jsx' flag is provided.
src/app/more/admin-dashboard/page.tsx(13,16): error TS17004: Cannot use JSX unless the '--jsx' flag is provided.
src/app/more/admin-dashboard/page.tsx(14,7): error TS17004: Cannot use JSX unless the '--jsx' flag is provided.
src/app/more/admin-dashboard/page.tsx(15,7): error TS17004: Cannot use JSX unless the '--jsx' flag is provided.
src/app/more/admin-dashboard/page.tsx(110,5): error TS17004: Cannot use JSX unless the '--jsx' flag is provided.
src/app/more/admin-dashboard/page.tsx(112,9): error TS17004: Cannot use JSX unless the '--jsx' flag is provided.
src/app/more/admin-dashboard/page.tsx(116,7): error TS17004: Cannot use JSX unless the '--jsx' flag is provided.
src/app/more/admin-dashboard/page.tsx(117,9): error TS17004: Cannot use JSX unless the '--jsx' flag is provided.
src/app/more/admin-dashboard/page.tsx(118,9): error TS17004: Cannot use JSX unless the '--jsx' flag is provided.
src/app/more/admin-dashboard/page.tsx(120,13): error TS17004: Cannot use JSX unless the '--jsx' flag is provided.
src/app/more/admin-dashboard/page.tsx(122,11): error TS17004: Cannot use JSX unless the '--jsx' flag is provided.
src/app/more/admin-dashboard/page.tsx(125,7): error TS17004: Cannot use JSX unless the '--jsx' flag is provided.
src/app/more/admin-dashboard/page.tsx(127,9): error TS17004: Cannot use JSX unless the '--jsx' flag is provided.
src/app/more/admin-dashboard/page.tsx(129,9): error TS17004: Cannot use JSX unless the '--jsx' flag is provided.
src/app/more/admin-dashboard/page.tsx(131,13): error TS17004: Cannot use JSX unless the '--jsx' flag is provided.
src/app/more/admin-dashboard/page.tsx(132,15): error TS17004: Cannot use JSX unless the '--jsx' flag is provided.
src/app/more/admin-dashboard/page.tsx(133,17): error TS17004: Cannot use JSX unless the '--jsx' flag is provided.
src/app/more/admin-dashboard/page.tsx(133,163): error TS17004: Cannot use JSX unless the '--jsx' flag is provided.
src/app/more/admin-dashboard/page.tsx(134,17): error TS17004: Cannot use JSX unless the '--jsx' flag is provided.
src/app/more/admin-dashboard/page.tsx(136,48): error TS17004: Cannot use JSX unless the '--jsx' flag is provided.
src/app/more/admin-dashboard/page.tsx(137,42): error TS17004: Cannot use JSX unless the '--jsx' flag is provided.
src/app/more/admin-dashboard/page.tsx(138,52): error TS17004: Cannot use JSX unless the '--jsx' flag is provided.
src/app/more/admin-dashboard/page.tsx(139,53): error TS17004: Cannot use JSX unless the '--jsx' flag is provided.
src/app/more/admin-dashboard/page.tsx(140,170): error TS17004: Cannot use JSX unless the '--jsx' flag is provided.
src/app/more/admin-dashboard/page.tsx(141,42): error TS17004: Cannot use JSX unless the '--jsx' flag is provided.
src/app/more/admin-dashboard/page.tsx(142,105): error TS17004: Cannot use JSX unless the '--jsx' flag is provided.
src/app/more/admin-dashboard/page.tsx(145,19): error TS17004: Cannot use JSX unless the '--jsx' flag is provided.
src/app/more/admin-dashboard/page.tsx(146,21): error TS17004: Cannot use JSX unless the '--jsx' flag is provided.
src/app/more/admin-dashboard/page.tsx(147,21): error TS17004: Cannot use JSX unless the '--jsx' flag is provided.
src/app/more/admin-dashboard/page.tsx(151,19): error TS17004: Cannot use JSX unless the '--jsx' flag is provided.
src/app/more/admin-dashboard/page.tsx(152,21): error TS17004: Cannot use JSX unless the '--jsx' flag is provided.
src/app/more/admin-dashboard/page.tsx(153,54): error TS17004: Cannot use JSX unless the '--jsx' flag is provided.
src/app/more/admin-dashboard/page.tsx(153,75): error TS17004: Cannot use JSX unless the '--jsx' flag is provided.
src/app/more/admin-dashboard/page.tsx(154,50): error TS17004: Cannot use JSX unless the '--jsx' flag is provided.
src/app/more/admin-dashboard/page.tsx(154,60): error TS17004: Cannot use JSX unless the '--jsx' flag is provided.
src/app/more/admin-dashboard/page.tsx(155,54): error TS17004: Cannot use JSX unless the '--jsx' flag is provided.
src/app/more/admin-dashboard/page.tsx(155,69): error TS17004: Cannot use JSX unless the '--jsx' flag is provided.
src/app/more/admin-dashboard/page.tsx(156,61): error TS17004: Cannot use JSX unless the '--jsx' flag is provided.
src/app/more/admin-dashboard/page.tsx(157,51): error TS17004: Cannot use JSX unless the '--jsx' flag is provided.
src/app/more/admin-dashboard/page.tsx(158,51): error TS17004: Cannot use JSX unless the '--jsx' flag is provided.
src/app/more/admin-dashboard/page.tsx(159,44): error TS17004: Cannot use JSX unless the '--jsx' flag is provided.
src/app/more/admin-dashboard/page.tsx(160,49): error TS17004: Cannot use JSX unless the '--jsx' flag is provided.
src/app/more/admin-dashboard/page.tsx(164,19): error TS17004: Cannot use JSX unless the '--jsx' flag is provided.
src/app/more/admin-dashboard/page.tsx(165,21): error TS17004: Cannot use JSX unless the '--jsx' flag is provided.
src/app/more/admin-dashboard/page.tsx(166,21): error TS17004: Cannot use JSX unless the '--jsx' flag is provided.
src/app/more/admin-dashboard/page.tsx(171,17): error TS17004: Cannot use JSX unless the '--jsx' flag is provided.
src/app/more/admin-dashboard/page.tsx(173,21): error TS17004: Cannot use JSX unless the '--jsx' flag is provided.
src/app/more/admin-dashboard/page.tsx(177,19): error TS17004: Cannot use JSX unless the '--jsx' flag is provided.
src/app/more/admin-dashboard/page.tsx(178,19): error TS17004: Cannot use JSX unless the '--jsx' flag is provided.
src/app/more/admin-dashboard/page.tsx(181,17): error TS17004: Cannot use JSX unless the '--jsx' flag is provided.
src/app/more/admin-dashboard/page.tsx(187,39): error TS17004: Cannot use JSX unless the '--jsx' flag is provided.
src/app/more/admin-dashboard/page.tsx(279,5): error TS17004: Cannot use JSX unless the '--jsx' flag is provided.
src/app/more/admin-dashboard/page.tsx(280,7): error TS17004: Cannot use JSX unless the '--jsx' flag is provided.
src/app/more/admin-dashboard/page.tsx(281,9): error TS17004: Cannot use JSX unless the '--jsx' flag is provided.
src/app/more/admin-dashboard/page.tsx(282,9): error TS17004: Cannot use JSX unless the '--jsx' flag is provided.
src/app/more/admin-dashboard/page.tsx(283,9): error TS17004: Cannot use JSX unless the '--jsx' flag is provided.
src/app/more/admin-dashboard/page.tsx(284,11): error TS17004: Cannot use JSX unless the '--jsx' flag is provided.
src/app/more/admin-dashboard/page.tsx(290,13): error TS17004: Cannot use JSX unless the '--jsx' flag is provided.
src/app/more/admin-dashboard/page.tsx(292,11): error TS17004: Cannot use JSX unless the '--jsx' flag is provided.
src/app/more/admin-dashboard/page.tsx(293,21): error TS17004: Cannot use JSX unless the '--jsx' flag is provided.
src/app/more/admin-dashboard/page.tsx(296,7): error TS17004: Cannot use JSX unless the '--jsx' flag is provided.
src/app/more/admin-dashboard/page.tsx(297,9): error TS17004: Cannot use JSX unless the '--jsx' flag is provided.
src/app/more/admin-dashboard/page.tsx(298,9): error TS17004: Cannot use JSX unless the '--jsx' flag is provided.
src/app/more/admin-dashboard/page.tsx(298,104): error TS17004: Cannot use JSX unless the '--jsx' flag is provided.
src/app/more/admin-dashboard/page.tsx(299,9): error TS17004: Cannot use JSX unless the '--jsx' flag is provided.
src/app/more/admin-dashboard/page.tsx(300,11): error TS17004: Cannot use JSX unless the '--jsx' flag is provided.
src/app/more/admin-dashboard/page.tsx(301,11): error TS17004: Cannot use JSX unless the '--jsx' flag is provided.
src/app/more/admin-dashboard/page.tsx(303,27): error TS17004: Cannot use JSX unless the '--jsx' flag is provided.
src/app/more/admin-dashboard/page.tsx(305,7): error TS17004: Cannot use JSX unless the '--jsx' flag is provided.
src/app/more/admin-dashboard/page.tsx(306,9): error TS17004: Cannot use JSX unless the '--jsx' flag is provided.
src/app/more/admin-dashboard/page.tsx(307,9): error TS17004: Cannot use JSX unless the '--jsx' flag is provided.
src/app/more/admin-dashboard/page.tsx(308,9): error TS17004: Cannot use JSX unless the '--jsx' flag is provided.
src/app/more/admin-dashboard/page.tsx(311,22): error TS17004: Cannot use JSX unless the '--jsx' flag is provided.
src/app/more/admin-dashboard/page.tsx(313,7): error TS17004: Cannot use JSX unless the '--jsx' flag is provided.
src/app/more/admin-dashboard/page.tsx(342,5): error TS17004: Cannot use JSX unless the '--jsx' flag is provided.
src/app/more/admin-dashboard/page.tsx(343,7): error TS17004: Cannot use JSX unless the '--jsx' flag is provided.
src/app/more/admin-dashboard/page.tsx(344,7): error TS17004: Cannot use JSX unless the '--jsx' flag is provided.
src/app/more/admin-dashboard/page.tsx(345,7): error TS17004: Cannot use JSX unless the '--jsx' flag is provided.
src/app/more/admin-dashboard/page.tsx(348,15): error TS17004: Cannot use JSX unless the '--jsx' flag is provided.
src/app/more/admin-dashboard/page.tsx(392,5): error TS17004: Cannot use JSX unless the '--jsx' flag is provided.
src/app/more/admin-dashboard/page.tsx(393,7): error TS17004: Cannot use JSX unless the '--jsx' flag is provided.
src/app/more/admin-dashboard/page.tsx(394,7): error TS17004: Cannot use JSX unless the '--jsx' flag is provided.
src/app/more/admin-dashboard/page.tsx(395,7): error TS17004: Cannot use JSX unless the '--jsx' flag is provided.
src/app/more/admin-dashboard/page.tsx(396,9): error TS17004: Cannot use JSX unless the '--jsx' flag is provided.
src/app/more/admin-dashboard/page.tsx(397,11): error TS17004: Cannot use JSX unless the '--jsx' flag is provided.
src/app/more/admin-dashboard/page.tsx(398,11): error TS17004: Cannot use JSX unless the '--jsx' flag is provided.
src/app/more/admin-dashboard/page.tsx(400,9): error TS17004: Cannot use JSX unless the '--jsx' flag is provided.
src/app/more/admin-dashboard/page.tsx(401,11): error TS17004: Cannot use JSX unless the '--jsx' flag is provided.
src/app/more/admin-dashboard/page.tsx(402,11): error TS17004: Cannot use JSX unless the '--jsx' flag is provided.
src/app/more/admin-dashboard/page.tsx(404,9): error TS17004: Cannot use JSX unless the '--jsx' flag is provided.
src/app/more/admin-dashboard/page.tsx(405,11): error TS17004: Cannot use JSX unless the '--jsx' flag is provided.
src/app/more/admin-dashboard/page.tsx(406,11): error TS17004: Cannot use JSX unless the '--jsx' flag is provided.
src/app/more/admin-dashboard/page.tsx(408,9): error TS17004: Cannot use JSX unless the '--jsx' flag is provided.
src/app/more/admin-dashboard/page.tsx(409,11): error TS17004: Cannot use JSX unless the '--jsx' flag is provided.
src/app/more/admin-dashboard/page.tsx(410,21): error TS17004: Cannot use JSX unless the '--jsx' flag is provided.
src/app/more/admin-dashboard/page.tsx(452,5): error TS17004: Cannot use JSX unless the '--jsx' flag is provided.
src/app/more/admin-dashboard/page.tsx(453,7): error TS17004: Cannot use JSX unless the '--jsx' flag is provided.
src/app/more/admin-dashboard/page.tsx(454,7): error TS17004: Cannot use JSX unless the '--jsx' flag is provided.
src/app/more/admin-dashboard/page.tsx(455,7): error TS17004: Cannot use JSX unless the '--jsx' flag is provided.
src/app/more/admin-dashboard/page.tsx(456,9): error TS17004: Cannot use JSX unless the '--jsx' flag is provided.
src/app/more/admin-dashboard/page.tsx(462,11): error TS17004: Cannot use JSX unless the '--jsx' flag is provided.
src/app/more/admin-dashboard/page.tsx(464,9): error TS17004: Cannot use JSX unless the '--jsx' flag is provided.
src/app/more/admin-dashboard/page.tsx(465,19): error TS17004: Cannot use JSX unless the '--jsx' flag is provided.
src/app/more/admin-dashboard/page.tsx(507,5): error TS17004: Cannot use JSX unless the '--jsx' flag is provided.
src/app/more/admin-dashboard/page.tsx(508,7): error TS17004: Cannot use JSX unless the '--jsx' flag is provided.
src/app/more/admin-dashboard/page.tsx(509,7): error TS17004: Cannot use JSX unless the '--jsx' flag is provided.
src/app/more/admin-dashboard/page.tsx(510,7): error TS17004: Cannot use JSX unless the '--jsx' flag is provided.
src/app/more/admin-dashboard/page.tsx(511,9): error TS17004: Cannot use JSX unless the '--jsx' flag is provided.
src/app/more/admin-dashboard/page.tsx(519,9): error TS17004: Cannot use JSX unless the '--jsx' flag is provided.
src/app/more/admin-dashboard/page.tsx(527,19): error TS17004: Cannot use JSX unless the '--jsx' flag is provided.
src/app/more/admin-dashboard/page.tsx(529,7): error TS17004: Cannot use JSX unless the '--jsx' flag is provided.
src/app/more/admin-dashboard/page.tsx(543,5): error TS17004: Cannot use JSX unless the '--jsx' flag is provided.
src/app/more/admin-dashboard/page.tsx(544,7): error TS17004: Cannot use JSX unless the '--jsx' flag is provided.
src/app/more/admin-dashboard/page.tsx(545,7): error TS17004: Cannot use JSX unless the '--jsx' flag is provided.
src/app/more/admin-dashboard/page.tsx(546,7): error TS17004: Cannot use JSX unless the '--jsx' flag is provided.
src/app/more/admin-dashboard/page.tsx(548,11): error TS17004: Cannot use JSX unless the '--jsx' flag is provided.
src/app/more/admin-dashboard/page.tsx(550,11): error TS17004: Cannot use JSX unless the '--jsx' flag is provided.
src/app/more/admin-dashboard/page.tsx(551,13): error TS17004: Cannot use JSX unless the '--jsx' flag is provided.
src/app/more/admin-dashboard/page.tsx(552,13): error TS17004: Cannot use JSX unless the '--jsx' flag is provided.
src/app/more/admin-dashboard/page.tsx(555,11): error TS17004: Cannot use JSX unless the '--jsx' flag is provided.
src/app/more/admin-dashboard/page.tsx(556,13): error TS17004: Cannot use JSX unless the '--jsx' flag is provided.
src/app/more/admin-dashboard/page.tsx(557,13): error TS17004: Cannot use JSX unless the '--jsx' flag is provided.
src/app/more/admin-dashboard/page.tsx(558,15): error TS17004: Cannot use JSX unless the '--jsx' flag is provided.
src/app/more/admin-dashboard/page.tsx(559,15): error TS17004: Cannot use JSX unless the '--jsx' flag is provided.
src/app/more/admin-dashboard/page.tsx(560,17): error TS17004: Cannot use JSX unless the '--jsx' flag is provided.
src/app/more/admin-dashboard/page.tsx(560,21): error TS17004: Cannot use JSX unless the '--jsx' flag is provided.
src/app/more/admin-dashboard/page.tsx(561,17): error TS17004: Cannot use JSX unless the '--jsx' flag is provided.
src/app/more/admin-dashboard/page.tsx(561,21): error TS17004: Cannot use JSX unless the '--jsx' flag is provided.
src/app/more/admin-dashboard/page.tsx(562,17): error TS17004: Cannot use JSX unless the '--jsx' flag is provided.
src/app/more/admin-dashboard/page.tsx(562,21): error TS17004: Cannot use JSX unless the '--jsx' flag is provided.
src/app/more/admin-dashboard/page.tsx(563,17): error TS17004: Cannot use JSX unless the '--jsx' flag is provided.
src/app/more/admin-dashboard/page.tsx(563,21): error TS17004: Cannot use JSX unless the '--jsx' flag is provided.
src/app/more/admin-dashboard/page.tsx(565,15): error TS17004: Cannot use JSX unless the '--jsx' flag is provided.
src/app/more/admin-dashboard/page.tsx(565,62): error TS17004: Cannot use JSX unless the '--jsx' flag is provided.
src/app/more/admin-dashboard/page.tsx(661,5): error TS17004: Cannot use JSX unless the '--jsx' flag is provided.
src/app/more/admin-dashboard/page.tsx(662,7): error TS17004: Cannot use JSX unless the '--jsx' flag is provided.
src/app/more/admin-dashboard/page.tsx(663,7): error TS17004: Cannot use JSX unless the '--jsx' flag is provided.
src/app/more/admin-dashboard/page.tsx(664,7): error TS17004: Cannot use JSX unless the '--jsx' flag is provided.
src/app/more/admin-dashboard/page.tsx(665,9): error TS17004: Cannot use JSX unless the '--jsx' flag is provided.
src/app/more/admin-dashboard/page.tsx(666,11): error TS17004: Cannot use JSX unless the '--jsx' flag is provided.
src/app/more/admin-dashboard/page.tsx(667,11): error TS17004: Cannot use JSX unless the '--jsx' flag is provided.
src/app/more/admin-dashboard/page.tsx(668,13): error TS17004: Cannot use JSX unless the '--jsx' flag is provided.
src/app/more/admin-dashboard/page.tsx(675,13): error TS17004: Cannot use JSX unless the '--jsx' flag is provided.
src/app/more/admin-dashboard/page.tsx(680,9): error TS17004: Cannot use JSX unless the '--jsx' flag is provided.
src/app/more/admin-dashboard/page.tsx(681,11): error TS17004: Cannot use JSX unless the '--jsx' flag is provided.
src/app/more/admin-dashboard/page.tsx(683,13): error TS17004: Cannot use JSX unless the '--jsx' flag is provided.
src/app/more/admin-dashboard/page.tsx(684,15): error TS17004: Cannot use JSX unless the '--jsx' flag is provided.
src/app/more/admin-dashboard/page.tsx(685,15): error TS17004: Cannot use JSX unless the '--jsx' flag is provided.
src/app/more/admin-dashboard/page.tsx(686,17): error TS17004: Cannot use JSX unless the '--jsx' flag is provided.
src/app/more/admin-dashboard/page.tsx(688,19): error TS17004: Cannot use JSX unless the '--jsx' flag is provided.
src/app/more/admin-dashboard/page.tsx(690,17): error TS17004: Cannot use JSX unless the '--jsx' flag is provided.
src/app/more/admin-dashboard/page.tsx(694,13): error TS17004: Cannot use JSX unless the '--jsx' flag is provided.
src/app/more/admin-dashboard/page.tsx(695,15): error TS17004: Cannot use JSX unless the '--jsx' flag is provided.
src/app/more/admin-dashboard/page.tsx(705,19): error TS17004: Cannot use JSX unless the '--jsx' flag is provided.
src/app/more/admin-dashboard/page.tsx(706,19): error TS17004: Cannot use JSX unless the '--jsx' flag is provided.
src/app/more/admin-dashboard/page.tsx(773,5): error TS17004: Cannot use JSX unless the '--jsx' flag is provided.
src/app/more/admin-dashboard/page.tsx(774,7): error TS17004: Cannot use JSX unless the '--jsx' flag is provided.
src/app/more/admin-dashboard/page.tsx(775,7): error TS17004: Cannot use JSX unless the '--jsx' flag is provided.
src/app/more/admin-dashboard/page.tsx(776,7): error TS17004: Cannot use JSX unless the '--jsx' flag is provided.
src/app/more/admin-dashboard/page.tsx(778,11): error TS17004: Cannot use JSX unless the '--jsx' flag is provided.
src/app/more/admin-dashboard/page.tsx(779,13): error TS17004: Cannot use JSX unless the '--jsx' flag is provided.
src/app/more/admin-dashboard/page.tsx(780,13): error TS17004: Cannot use JSX unless the '--jsx' flag is provided.
src/app/more/admin-dashboard/page.tsx(781,15): error TS17004: Cannot use JSX unless the '--jsx' flag is provided.
src/app/more/admin-dashboard/page.tsx(783,17): error TS17004: Cannot use JSX unless the '--jsx' flag is provided.
src/app/more/admin-dashboard/page.tsx(785,15): error TS17004: Cannot use JSX unless the '--jsx' flag is provided.
src/app/more/admin-dashboard/page.tsx(789,11): error TS17004: Cannot use JSX unless the '--jsx' flag is provided.
src/app/more/admin-dashboard/page.tsx(790,13): error TS17004: Cannot use JSX unless the '--jsx' flag is provided.
src/app/more/admin-dashboard/page.tsx(791,13): error TS17004: Cannot use JSX unless the '--jsx' flag is provided.
src/app/more/admin-dashboard/page.tsx(800,21): error TS17004: Cannot use JSX unless the '--jsx' flag is provided.
src/app/more/admin-dashboard/page.tsx(801,19): error TS17004: Cannot use JSX unless the '--jsx' flag is provided.
src/app/more/admin-dashboard/page.tsx(802,19): error TS17004: Cannot use JSX unless the '--jsx' flag is provided.
src/app/more/admin-dashboard/page.tsx(890,5): error TS17004: Cannot use JSX unless the '--jsx' flag is provided.
src/app/more/admin-dashboard/page.tsx(891,7): error TS17004: Cannot use JSX unless the '--jsx' flag is provided.
src/app/more/admin-dashboard/page.tsx(892,9): error TS17004: Cannot use JSX unless the '--jsx' flag is provided.
src/app/more/admin-dashboard/page.tsx(893,11): error TS17004: Cannot use JSX unless the '--jsx' flag is provided.
src/app/more/admin-dashboard/page.tsx(894,11): error TS17004: Cannot use JSX unless the '--jsx' flag is provided.
src/app/more/admin-dashboard/page.tsx(896,9): error TS17004: Cannot use JSX unless the '--jsx' flag is provided.
src/app/more/admin-dashboard/page.tsx(897,11): error TS17004: Cannot use JSX unless the '--jsx' flag is provided.
src/app/more/admin-dashboard/page.tsx(902,13): error TS17004: Cannot use JSX unless the '--jsx' flag is provided.
src/app/more/admin-dashboard/page.tsx(904,11): error TS17004: Cannot use JSX unless the '--jsx' flag is provided.
src/app/more/admin-dashboard/page.tsx(908,7): error TS17004: Cannot use JSX unless the '--jsx' flag is provided.
src/app/more/admin-dashboard/page.tsx(909,9): error TS17004: Cannot use JSX unless the '--jsx' flag is provided.
src/app/more/admin-dashboard/page.tsx(910,11): error TS17004: Cannot use JSX unless the '--jsx' flag is provided.
src/app/more/admin-dashboard/page.tsx(911,13): error TS17004: Cannot use JSX unless the '--jsx' flag is provided.
src/app/more/admin-dashboard/page.tsx(912,13): error TS17004: Cannot use JSX unless the '--jsx' flag is provided.
src/app/more/admin-dashboard/page.tsx(914,11): error TS17004: Cannot use JSX unless the '--jsx' flag is provided.
src/app/more/admin-dashboard/page.tsx(915,13): error TS17004: Cannot use JSX unless the '--jsx' flag is provided.
src/app/more/admin-dashboard/page.tsx(916,13): error TS17004: Cannot use JSX unless the '--jsx' flag is provided.
src/app/more/admin-dashboard/page.tsx(919,9): error TS17004: Cannot use JSX unless the '--jsx' flag is provided.
src/app/more/admin-dashboard/page.tsx(920,11): error TS17004: Cannot use JSX unless the '--jsx' flag is provided.
src/app/more/admin-dashboard/page.tsx(921,11): error TS17004: Cannot use JSX unless the '--jsx' flag is provided.
src/app/more/admin-dashboard/page.tsx(924,9): error TS17004: Cannot use JSX unless the '--jsx' flag is provided.
src/app/more/admin-dashboard/page.tsx(925,11): error TS17004: Cannot use JSX unless the '--jsx' flag is provided.
src/app/more/admin-dashboard/page.tsx(927,13): error TS17004: Cannot use JSX unless the '--jsx' flag is provided.
src/app/more/admin-dashboard/page.tsx(928,15): error TS17004: Cannot use JSX unless the '--jsx' flag is provided.
src/app/more/admin-dashboard/page.tsx(929,15): error TS17004: Cannot use JSX unless the '--jsx' flag is provided.
src/app/more/admin-dashboard/page.tsx(930,17): error TS17004: Cannot use JSX unless the '--jsx' flag is provided.
src/app/more/admin-dashboard/page.tsx(932,19): error TS17004: Cannot use JSX unless the '--jsx' flag is provided.
src/app/more/admin-dashboard/page.tsx(934,17): error TS17004: Cannot use JSX unless the '--jsx' flag is provided.
src/app/more/admin-dashboard/page.tsx(938,13): error TS17004: Cannot use JSX unless the '--jsx' flag is provided.
src/app/more/admin-dashboard/page.tsx(939,15): error TS17004: Cannot use JSX unless the '--jsx' flag is provided.
src/app/more/admin-dashboard/page.tsx(940,15): error TS17004: Cannot use JSX unless the '--jsx' flag is provided.
src/app/more/admin-dashboard/page.tsx(945,9): error TS17004: Cannot use JSX unless the '--jsx' flag is provided.
src/app/more/admin-dashboard/page.tsx(946,11): error TS17004: Cannot use JSX unless the '--jsx' flag is provided.
src/app/more/admin-dashboard/page.tsx(947,21): error TS17004: Cannot use JSX unless the '--jsx' flag is provided.
src/app/more/admin-dashboard/page.tsx(948,21): error TS17004: Cannot use JSX unless the '--jsx' flag is provided.
src/app/more/admin-dashboard/page.tsx(996,5): error TS17004: Cannot use JSX unless the '--jsx' flag is provided.
src/app/more/admin-dashboard/page.tsx(997,7): error TS17004: Cannot use JSX unless the '--jsx' flag is provided.
src/app/more/admin-dashboard/page.tsx(998,7): error TS17004: Cannot use JSX unless the '--jsx' flag is provided.
src/app/more/admin-dashboard/page.tsx(999,7): error TS17004: Cannot use JSX unless the '--jsx' flag is provided.
src/app/more/admin-dashboard/page.tsx(1000,9): error TS17004: Cannot use JSX unless the '--jsx' flag is provided.
src/app/more/admin-dashboard/page.tsx(1001,11): error TS17004: Cannot use JSX unless the '--jsx' flag is provided.
src/app/more/admin-dashboard/page.tsx(1002,11): error TS17004: Cannot use JSX unless the '--jsx' flag is provided.
src/app/more/admin-dashboard/page.tsx(1004,9): error TS17004: Cannot use JSX unless the '--jsx' flag is provided.
src/app/more/admin-dashboard/page.tsx(1005,11): error TS17004: Cannot use JSX unless the '--jsx' flag is provided.
src/app/more/admin-dashboard/page.tsx(1006,11): error TS17004: Cannot use JSX unless the '--jsx' flag is provided.
src/app/more/admin-dashboard/page.tsx(1008,9): error TS17004: Cannot use JSX unless the '--jsx' flag is provided.
src/app/more/admin-dashboard/page.tsx(1009,11): error TS17004: Cannot use JSX unless the '--jsx' flag is provided.
src/app/more/admin-dashboard/page.tsx(1010,11): error TS17004: Cannot use JSX unless the '--jsx' flag is provided.
src/app/more/admin-dashboard/page.tsx(1011,11): error TS17004: Cannot use JSX unless the '--jsx' flag is provided.
src/app/more/admin-dashboard/page.tsx(1013,9): error TS17004: Cannot use JSX unless the '--jsx' flag is provided.
src/app/more/admin-dashboard/page.tsx(1014,11): error TS17004: Cannot use JSX unless the '--jsx' flag is provided.
src/app/more/admin-dashboard/page.tsx(1015,21): error TS17004: Cannot use JSX unless the '--jsx' flag is provided.
src/app/more/admin-dashboard/page.tsx(1051,5): error TS17004: Cannot use JSX unless the '--jsx' flag is provided.
src/app/more/admin-dashboard/page.tsx(1052,7): error TS17004: Cannot use JSX unless the '--jsx' flag is provided.
src/app/more/admin-dashboard/page.tsx(1053,7): error TS17004: Cannot use JSX unless the '--jsx' flag is provided.
src/app/more/admin-dashboard/page.tsx(1054,7): error TS17004: Cannot use JSX unless the '--jsx' flag is provided.
src/app/more/admin-dashboard/page.tsx(1055,9): error TS17004: Cannot use JSX unless the '--jsx' flag is provided.
src/app/more/admin-dashboard/page.tsx(1056,9): error TS17004: Cannot use JSX unless the '--jsx' flag is provided.
src/app/more/admin-dashboard/page.tsx(1057,9): error TS17004: Cannot use JSX unless the '--jsx' flag is provided.
src/app/more/admin-dashboard/page.tsx(1058,19): error TS17004: Cannot use JSX unless the '--jsx' flag is provided.
src/app/more/admin-dashboard/page.tsx(1146,5): error TS17004: Cannot use JSX unless the '--jsx' flag is provided.
src/app/more/admin-dashboard/page.tsx(1147,7): error TS17004: Cannot use JSX unless the '--jsx' flag is provided.
src/app/more/admin-dashboard/page.tsx(1148,9): error TS17004: Cannot use JSX unless the '--jsx' flag is provided.
src/app/more/admin-dashboard/page.tsx(1149,11): error TS17004: Cannot use JSX unless the '--jsx' flag is provided.
src/app/more/admin-dashboard/page.tsx(1150,13): error TS17004: Cannot use JSX unless the '--jsx' flag is provided.
src/app/more/admin-dashboard/page.tsx(1152,11): error TS17004: Cannot use JSX unless the '--jsx' flag is provided.
src/app/more/admin-dashboard/page.tsx(1156,9): error TS17004: Cannot use JSX unless the '--jsx' flag is provided.
src/app/more/admin-dashboard/page.tsx(1157,11): error TS17004: Cannot use JSX unless the '--jsx' flag is provided.
src/app/more/admin-dashboard/page.tsx(1158,11): error TS17004: Cannot use JSX unless the '--jsx' flag is provided.
src/app/more/admin-dashboard/page.tsx(1162,7): error TS17004: Cannot use JSX unless the '--jsx' flag is provided.
src/app/more/admin-dashboard/page.tsx(1163,9): error TS17004: Cannot use JSX unless the '--jsx' flag is provided.
src/app/more/admin-dashboard/page.tsx(1164,11): error TS17004: Cannot use JSX unless the '--jsx' flag is provided.
src/app/more/admin-dashboard/page.tsx(1165,11): error TS17004: Cannot use JSX unless the '--jsx' flag is provided.
src/app/more/admin-dashboard/page.tsx(1175,9): error TS17004: Cannot use JSX unless the '--jsx' flag is provided.
src/app/more/admin-dashboard/page.tsx(1176,11): error TS17004: Cannot use JSX unless the '--jsx' flag is provided.
src/app/more/admin-dashboard/page.tsx(1177,11): error TS17004: Cannot use JSX unless the '--jsx' flag is provided.
src/app/more/admin-dashboard/page.tsx(1178,11): error TS17004: Cannot use JSX unless the '--jsx' flag is provided.
src/app/more/admin-dashboard/page.tsx(1184,11): error TS17004: Cannot use JSX unless the '--jsx' flag is provided.
src/app/more/admin-dashboard/page.tsx(1193,9): error TS17004: Cannot use JSX unless the '--jsx' flag is provided.
src/app/more/admin-dashboard/page.tsx(1194,11): error TS17004: Cannot use JSX unless the '--jsx' flag is provided.
src/app/more/admin-dashboard/page.tsx(1197,23): error TS17004: Cannot use JSX unless the '--jsx' flag is provided.
src/app/more/admin-dashboard/page.tsx(1239,5): error TS17004: Cannot use JSX unless the '--jsx' flag is provided.
src/app/more/admin-dashboard/page.tsx(1240,7): error TS17004: Cannot use JSX unless the '--jsx' flag is provided.
src/app/more/admin-dashboard/page.tsx(1241,7): error TS17004: Cannot use JSX unless the '--jsx' flag is provided.
src/app/more/admin-dashboard/page.tsx(1242,7): error TS17004: Cannot use JSX unless the '--jsx' flag is provided.
src/app/more/admin-dashboard/page.tsx(1243,9): error TS17004: Cannot use JSX unless the '--jsx' flag is provided.
src/app/more/admin-dashboard/page.tsx(1244,11): error TS17004: Cannot use JSX unless the '--jsx' flag is provided.
src/app/more/admin-dashboard/page.tsx(1245,11): error TS17004: Cannot use JSX unless the '--jsx' flag is provided.
src/app/more/admin-dashboard/page.tsx(1248,11): error TS17004: Cannot use JSX unless the '--jsx' flag is provided.
src/app/more/admin-dashboard/page.tsx(1249,13): error TS17004: Cannot use JSX unless the '--jsx' flag is provided.
src/app/more/admin-dashboard/page.tsx(1250,13): error TS17004: Cannot use JSX unless the '--jsx' flag is provided.
src/app/more/admin-dashboard/page.tsx(1251,13): error TS17004: Cannot use JSX unless the '--jsx' flag is provided.
src/app/more/admin-dashboard/page.tsx(1252,13): error TS17004: Cannot use JSX unless the '--jsx' flag is provided.
src/app/more/admin-dashboard/page.tsx(1255,9): error TS17004: Cannot use JSX unless the '--jsx' flag is provided.
src/app/more/admin-dashboard/page.tsx(1256,19): error TS17004: Cannot use JSX unless the '--jsx' flag is provided.
src/app/more/admin-dashboard/page.tsx(1258,7): error TS17004: Cannot use JSX unless the '--jsx' flag is provided.
src/app/more/admin-dashboard/page.tsx(1292,5): error TS17004: Cannot use JSX unless the '--jsx' flag is provided.
src/app/more/admin-dashboard/page.tsx(1293,7): error TS17004: Cannot use JSX unless the '--jsx' flag is provided.
src/app/more/admin-dashboard/page.tsx(1294,7): error TS17004: Cannot use JSX unless the '--jsx' flag is provided.
src/app/more/admin-dashboard/page.tsx(1295,7): error TS17004: Cannot use JSX unless the '--jsx' flag is provided.
src/app/more/admin-dashboard/page.tsx(1296,9): error TS17004: Cannot use JSX unless the '--jsx' flag is provided.
src/app/more/admin-dashboard/page.tsx(1297,9): error TS17004: Cannot use JSX unless the '--jsx' flag is provided.
src/app/more/admin-dashboard/page.tsx(1298,9): error TS17004: Cannot use JSX unless the '--jsx' flag is provided.
src/app/more/admin-dashboard/page.tsx(1299,19): error TS17004: Cannot use JSX unless the '--jsx' flag is provided.
src/app/more/admin-dashboard/page.tsx(1305,49): error TS6142: Module '../../../components/TargetAudienceCard' was resolved to 'C:/Users/Chama/OneDrive/Documents/Quiz/nextjs/src/components/TargetAudienceCard.tsx', but '--jsx' is not set.
src/app/more/admin-dashboard/page.tsx(1317,5): error TS17004: Cannot use JSX unless the '--jsx' flag is provided.
src/app/more/admin-dashboard/page.tsx(1318,31): error TS17004: Cannot use JSX unless the '--jsx' flag is provided.
src/app/more/admin-dashboard/page.tsx(1319,9): error TS17004: Cannot use JSX unless the '--jsx' flag is provided.
src/app/more/admin-dashboard/page.tsx(1321,13): error TS17004: Cannot use JSX unless the '--jsx' flag is provided.
src/app/more/admin-dashboard/page.tsx(1322,15): error TS17004: Cannot use JSX unless the '--jsx' flag is provided.
src/app/more/admin-dashboard/page.tsx(1323,24): error TS17004: Cannot use JSX unless the '--jsx' flag is provided.
src/app/more/admin-dashboard/page.tsx(1344,5): error TS17004: Cannot use JSX unless the '--jsx' flag is provided.
src/app/more/admin-dashboard/page.tsx(1347,9): error TS17004: Cannot use JSX unless the '--jsx' flag is provided.
src/app/more/admin-dashboard/page.tsx(1348,11): error TS17004: Cannot use JSX unless the '--jsx' flag is provided.
src/app/more/admin-dashboard/page.tsx(1349,11): error TS17004: Cannot use JSX unless the '--jsx' flag is provided.
src/app/more/admin-dashboard/page.tsx(1350,13): error TS17004: Cannot use JSX unless the '--jsx' flag is provided.
src/app/more/admin-dashboard/page.tsx(1351,15): error TS17004: Cannot use JSX unless the '--jsx' flag is provided.
src/app/more/admin-dashboard/page.tsx(1352,15): error TS17004: Cannot use JSX unless the '--jsx' flag is provided.
src/app/more/admin-dashboard/page.tsx(1353,17): error TS17004: Cannot use JSX unless the '--jsx' flag is provided.
src/app/more/admin-dashboard/page.tsx(1354,17): error TS17004: Cannot use JSX unless the '--jsx' flag is provided.
src/app/more/admin-dashboard/page.tsx(1357,13): error TS17004: Cannot use JSX unless the '--jsx' flag is provided.
src/app/more/admin-dashboard/page.tsx(1365,7): error TS17004: Cannot use JSX unless the '--jsx' flag is provided.
src/app/more/admin-dashboard/page.tsx(1366,9): error TS17004: Cannot use JSX unless the '--jsx' flag is provided.
src/app/more/admin-dashboard/page.tsx(1367,9): error TS17004: Cannot use JSX unless the '--jsx' flag is provided.
src/app/more/admin-dashboard/page.tsx(1368,11): error TS17004: Cannot use JSX unless the '--jsx' flag is provided.
src/app/more/admin-dashboard/page.tsx(1369,11): error TS17004: Cannot use JSX unless the '--jsx' flag is provided.
src/app/more/admin-dashboard/page.tsx(1370,13): error TS17004: Cannot use JSX unless the '--jsx' flag is provided.
src/app/more/admin-dashboard/page.tsx(1371,13): error TS17004: Cannot use JSX unless the '--jsx' flag is provided.
src/app/more/admin-dashboard/page.tsx(1375,13): error TS17004: Cannot use JSX unless the '--jsx' flag is provided.
src/app/more/admin-dashboard/page.tsx(1376,15): error TS17004: Cannot use JSX unless the '--jsx' flag is provided.
src/app/more/admin-dashboard/page.tsx(1384,7): error TS17004: Cannot use JSX unless the '--jsx' flag is provided.
src/app/more/admin-dashboard/page.tsx(1386,11): error TS17004: Cannot use JSX unless the '--jsx' flag is provided.
src/app/more/admin-dashboard/page.tsx(1391,13): error TS17004: Cannot use JSX unless the '--jsx' flag is provided.
src/app/more/admin-dashboard/page.tsx(1392,13): error TS17004: Cannot use JSX unless the '--jsx' flag is provided.
src/app/more/admin-dashboard/page.tsx(1393,13): error TS17004: Cannot use JSX unless the '--jsx' flag is provided.
src/app/more/admin-dashboard/page.tsx(1394,13): error TS17004: Cannot use JSX unless the '--jsx' flag is provided.
src/app/more/admin-dashboard/page.tsx(1395,15): error TS17004: Cannot use JSX unless the '--jsx' flag is provided.
src/app/more/admin-dashboard/page.tsx(1402,7): error TS17004: Cannot use JSX unless the '--jsx' flag is provided.
src/app/more/admin-dashboard/page.tsx(1403,9): error TS17004: Cannot use JSX unless the '--jsx' flag is provided.
src/app/more/admin-dashboard/page.tsx(1404,11): error TS17004: Cannot use JSX unless the '--jsx' flag is provided.
src/app/more/admin-dashboard/page.tsx(1405,11): error TS17004: Cannot use JSX unless the '--jsx' flag is provided.
src/app/more/admin-dashboard/page.tsx(1407,9): error TS17004: Cannot use JSX unless the '--jsx' flag is provided.
src/app/more/admin-dashboard/page.tsx(1408,11): error TS17004: Cannot use JSX unless the '--jsx' flag is provided.
src/app/more/admin-dashboard/page.tsx(1409,11): error TS17004: Cannot use JSX unless the '--jsx' flag is provided.
src/app/more/admin-dashboard/page.tsx(1410,11): error TS17004: Cannot use JSX unless the '--jsx' flag is provided.
src/app/more/admin-dashboard/page.tsx(1411,11): error TS17004: Cannot use JSX unless the '--jsx' flag is provided.
src/app/more/admin-dashboard/page.tsx(1430,5): error TS17004: Cannot use JSX unless the '--jsx' flag is provided.
src/app/more/admin-dashboard/page.tsx(1431,7): error TS17004: Cannot use JSX unless the '--jsx' flag is provided.
src/app/more/admin-dashboard/page.tsx(1432,9): error TS17004: Cannot use JSX unless the '--jsx' flag is provided.
src/app/more/admin-dashboard/page.tsx(1433,9): error TS17004: Cannot use JSX unless the '--jsx' flag is provided.
src/app/more/admin-dashboard/page.tsx(1436,9): error TS17004: Cannot use JSX unless the '--jsx' flag is provided.
src/app/more/admin-dashboard/page.tsx(1438,9): error TS17004: Cannot use JSX unless the '--jsx' flag is provided.
src/app/more/admin-dashboard/page.tsx(1440,13): error TS17004: Cannot use JSX unless the '--jsx' flag is provided.
src/app/more/admin-dashboard/page.tsx(1441,15): error TS17004: Cannot use JSX unless the '--jsx' flag is provided.
src/app/more/admin-dashboard/page.tsx(1442,17): error TS17004: Cannot use JSX unless the '--jsx' flag is provided.
src/app/more/admin-dashboard/page.tsx(1443,17): error TS17004: Cannot use JSX unless the '--jsx' flag is provided.
src/app/more/admin-dashboard/page.tsx(1444,19): error TS17004: Cannot use JSX unless the '--jsx' flag is provided.
src/app/more/admin-dashboard/page.tsx(1445,19): error TS17004: Cannot use JSX unless the '--jsx' flag is provided.
src/app/more/admin-dashboard/page.tsx(1448,15): error TS17004: Cannot use JSX unless the '--jsx' flag is provided.
src/app/more/admin-dashboard/page.tsx(1453,36): error TS17004: Cannot use JSX unless the '--jsx' flag is provided.
src/app/more/admin-dashboard/page.tsx(1494,5): error TS17004: Cannot use JSX unless the '--jsx' flag is provided.
src/app/more/admin-dashboard/page.tsx(1495,7): error TS17004: Cannot use JSX unless the '--jsx' flag is provided.
src/app/more/admin-dashboard/page.tsx(1496,7): error TS17004: Cannot use JSX unless the '--jsx' flag is provided.
src/app/more/admin-dashboard/page.tsx(1497,7): error TS17004: Cannot use JSX unless the '--jsx' flag is provided.
src/app/more/admin-dashboard/page.tsx(1498,9): error TS17004: Cannot use JSX unless the '--jsx' flag is provided.
src/app/more/admin-dashboard/page.tsx(1504,9): error TS17004: Cannot use JSX unless the '--jsx' flag is provided.
src/app/more/admin-dashboard/page.tsx(1510,9): error TS17004: Cannot use JSX unless the '--jsx' flag is provided.
src/app/more/admin-dashboard/page.tsx(1512,7): error TS17004: Cannot use JSX unless the '--jsx' flag is provided.
src/app/more/admin-dashboard/page.tsx(1513,9): error TS17004: Cannot use JSX unless the '--jsx' flag is provided.
src/app/more/admin-dashboard/page.tsx(1515,11): error TS17004: Cannot use JSX unless the '--jsx' flag is provided.
src/app/more/admin-dashboard/page.tsx(1517,11): error TS17004: Cannot use JSX unless the '--jsx' flag is provided.
src/app/more/admin-dashboard/page.tsx(1519,11): error TS17004: Cannot use JSX unless the '--jsx' flag is provided.
src/app/more/admin-dashboard/page.tsx(1521,15): error TS17004: Cannot use JSX unless the '--jsx' flag is provided.
src/app/more/admin-dashboard/page.tsx(1522,17): error TS17004: Cannot use JSX unless the '--jsx' flag is provided.
src/app/more/admin-dashboard/page.tsx(1523,19): error TS17004: Cannot use JSX unless the '--jsx' flag is provided.
src/app/more/admin-dashboard/page.tsx(1524,32): error TS17004: Cannot use JSX unless the '--jsx' flag is provided.
src/app/more/admin-dashboard/page.tsx(1526,17): error TS17004: Cannot use JSX unless the '--jsx' flag is provided.
src/app/more/admin-dashboard/page.tsx(1573,5): error TS17004: Cannot use JSX unless the '--jsx' flag is provided.
src/app/more/admin-dashboard/page.tsx(1574,7): error TS17004: Cannot use JSX unless the '--jsx' flag is provided.
src/app/more/admin-dashboard/page.tsx(1575,9): error TS17004: Cannot use JSX unless the '--jsx' flag is provided.
src/app/more/admin-dashboard/page.tsx(1576,11): error TS17004: Cannot use JSX unless the '--jsx' flag is provided.
src/app/more/admin-dashboard/page.tsx(1578,9): error TS17004: Cannot use JSX unless the '--jsx' flag is provided.
src/app/more/admin-dashboard/page.tsx(1580,11): error TS17004: Cannot use JSX unless the '--jsx' flag is provided.
src/app/more/admin-dashboard/page.tsx(1582,11): error TS17004: Cannot use JSX unless the '--jsx' flag is provided.
src/app/more/admin-dashboard/page.tsx(1584,11): error TS17004: Cannot use JSX unless the '--jsx' flag is provided.
src/app/more/admin-dashboard/page.tsx(1585,13): error TS17004: Cannot use JSX unless the '--jsx' flag is provided.
src/app/more/admin-dashboard/page.tsx(1586,15): error TS17004: Cannot use JSX unless the '--jsx' flag is provided.
src/app/more/admin-dashboard/page.tsx(1587,17): error TS17004: Cannot use JSX unless the '--jsx' flag is provided.
src/app/more/admin-dashboard/page.tsx(1588,19): error TS17004: Cannot use JSX unless the '--jsx' flag is provided.
src/app/more/admin-dashboard/page.tsx(1589,19): error TS17004: Cannot use JSX unless the '--jsx' flag is provided.
src/app/more/admin-dashboard/page.tsx(1590,19): error TS17004: Cannot use JSX unless the '--jsx' flag is provided.
src/app/more/admin-dashboard/page.tsx(1591,19): error TS17004: Cannot use JSX unless the '--jsx' flag is provided.
src/app/more/admin-dashboard/page.tsx(1592,19): error TS17004: Cannot use JSX unless the '--jsx' flag is provided.
src/app/more/admin-dashboard/page.tsx(1595,15): error TS17004: Cannot use JSX unless the '--jsx' flag is provided.
src/app/more/admin-dashboard/page.tsx(1597,19): error TS17004: Cannot use JSX unless the '--jsx' flag is provided.
src/app/more/admin-dashboard/page.tsx(1598,21): error TS17004: Cannot use JSX unless the '--jsx' flag is provided.
src/app/more/admin-dashboard/page.tsx(1599,21): error TS17004: Cannot use JSX unless the '--jsx' flag is provided.
src/app/more/admin-dashboard/page.tsx(1600,21): error TS17004: Cannot use JSX unless the '--jsx' flag is provided.
src/app/more/admin-dashboard/page.tsx(1601,21): error TS17004: Cannot use JSX unless the '--jsx' flag is provided.
src/app/more/admin-dashboard/page.tsx(1602,21): error TS17004: Cannot use JSX unless the '--jsx' flag is provided.
src/app/more/admin-dashboard/page.tsx(1603,23): error TS17004: Cannot use JSX unless the '--jsx' flag is provided.
src/app/more/admin-dashboard/page.tsx(1614,7): error TS17004: Cannot use JSX unless the '--jsx' flag is provided.
src/app/more/admin-dashboard/page.tsx(1615,9): error TS17004: Cannot use JSX unless the '--jsx' flag is provided.
src/app/more/admin-dashboard/page.tsx(1616,9): error TS17004: Cannot use JSX unless the '--jsx' flag is provided.
src/app/more/admin-dashboard/page.tsx(1618,11): error TS17004: Cannot use JSX unless the '--jsx' flag is provided.
src/app/more/admin-dashboard/page.tsx(1620,11): error TS17004: Cannot use JSX unless the '--jsx' flag is provided.
src/app/more/admin-dashboard/page.tsx(1622,15): error TS17004: Cannot use JSX unless the '--jsx' flag is provided.
src/app/more/admin-dashboard/page.tsx(1623,17): error TS17004: Cannot use JSX unless the '--jsx' flag is provided.
src/app/more/admin-dashboard/page.tsx(1624,19): error TS17004: Cannot use JSX unless the '--jsx' flag is provided.
src/app/more/admin-dashboard/page.tsx(1625,32): error TS17004: Cannot use JSX unless the '--jsx' flag is provided.
src/app/more/admin-dashboard/page.tsx(1627,17): error TS17004: Cannot use JSX unless the '--jsx' flag is provided.
src/app/more/admin-dashboard/page.tsx(1633,7): error TS17004: Cannot use JSX unless the '--jsx' flag is provided.
src/app/more/admin-dashboard/page.tsx(1634,9): error TS17004: Cannot use JSX unless the '--jsx' flag is provided.
src/app/more/admin-dashboard/page.tsx(1635,9): error TS17004: Cannot use JSX unless the '--jsx' flag is provided.
src/app/more/admin-dashboard/page.tsx(1635,89): error TS17004: Cannot use JSX unless the '--jsx' flag is provided.
src/app/more/admin-dashboard/page.tsx(1658,5): error TS17004: Cannot use JSX unless the '--jsx' flag is provided.
src/app/more/admin-dashboard/page.tsx(1659,7): error TS17004: Cannot use JSX unless the '--jsx' flag is provided.
src/app/more/admin-dashboard/page.tsx(1660,9): error TS17004: Cannot use JSX unless the '--jsx' flag is provided.
src/app/more/admin-dashboard/page.tsx(1661,11): error TS17004: Cannot use JSX unless the '--jsx' flag is provided.
src/app/more/admin-dashboard/page.tsx(1662,11): error TS17004: Cannot use JSX unless the '--jsx' flag is provided.
src/app/more/admin-dashboard/page.tsx(1664,9): error TS17004: Cannot use JSX unless the '--jsx' flag is provided.
src/app/more/admin-dashboard/page.tsx(1667,9): error TS17004: Cannot use JSX unless the '--jsx' flag is provided.
src/app/more/admin-dashboard/page.tsx(1669,9): error TS17004: Cannot use JSX unless the '--jsx' flag is provided.
src/app/more/admin-dashboard/page.tsx(1671,9): error TS17004: Cannot use JSX unless the '--jsx' flag is provided.
src/app/more/admin-dashboard/page.tsx(1673,13): error TS17004: Cannot use JSX unless the '--jsx' flag is provided.
src/app/more/admin-dashboard/page.tsx(1674,15): error TS17004: Cannot use JSX unless the '--jsx' flag is provided.
src/app/more/admin-dashboard/page.tsx(1675,17): error TS17004: Cannot use JSX unless the '--jsx' flag is provided.
src/app/more/admin-dashboard/page.tsx(1676,36): error TS17004: Cannot use JSX unless the '--jsx' flag is provided.
src/app/more/admin-dashboard/page.tsx(1677,38): error TS17004: Cannot use JSX unless the '--jsx' flag is provided.
src/app/more/admin-dashboard/page.tsx(1679,30): error TS17004: Cannot use JSX unless the '--jsx' flag is provided.
src/app/more/admin-dashboard/page.tsx(1729,5): error TS17004: Cannot use JSX unless the '--jsx' flag is provided.
src/app/more/admin-dashboard/page.tsx(1730,7): error TS17004: Cannot use JSX unless the '--jsx' flag is provided.
src/app/more/admin-dashboard/page.tsx(1731,9): error TS17004: Cannot use JSX unless the '--jsx' flag is provided.
src/app/more/admin-dashboard/page.tsx(1732,11): error TS17004: Cannot use JSX unless the '--jsx' flag is provided.
src/app/more/admin-dashboard/page.tsx(1733,11): error TS17004: Cannot use JSX unless the '--jsx' flag is provided.
src/app/more/admin-dashboard/page.tsx(1735,9): error TS17004: Cannot use JSX unless the '--jsx' flag is provided.
src/app/more/admin-dashboard/page.tsx(1736,11): error TS17004: Cannot use JSX unless the '--jsx' flag is provided.
src/app/more/admin-dashboard/page.tsx(1737,13): error TS17004: Cannot use JSX unless the '--jsx' flag is provided.
src/app/more/admin-dashboard/page.tsx(1738,13): error TS17004: Cannot use JSX unless the '--jsx' flag is provided.
src/app/more/admin-dashboard/page.tsx(1739,13): error TS17004: Cannot use JSX unless the '--jsx' flag is provided.
src/app/more/admin-dashboard/page.tsx(1741,11): error TS17004: Cannot use JSX unless the '--jsx' flag is provided.
src/app/more/admin-dashboard/page.tsx(1744,7): error TS17004: Cannot use JSX unless the '--jsx' flag is provided.
src/app/more/admin-dashboard/page.tsx(1745,9): error TS17004: Cannot use JSX unless the '--jsx' flag is provided.
src/app/more/admin-dashboard/page.tsx(1746,11): error TS17004: Cannot use JSX unless the '--jsx' flag is provided.
src/app/more/admin-dashboard/page.tsx(1747,13): error TS17004: Cannot use JSX unless the '--jsx' flag is provided.
src/app/more/admin-dashboard/page.tsx(1748,15): error TS17004: Cannot use JSX unless the '--jsx' flag is provided.
src/app/more/admin-dashboard/page.tsx(1749,15): error TS17004: Cannot use JSX unless the '--jsx' flag is provided.
src/app/more/admin-dashboard/page.tsx(1750,15): error TS17004: Cannot use JSX unless the '--jsx' flag is provided.
src/app/more/admin-dashboard/page.tsx(1751,15): error TS17004: Cannot use JSX unless the '--jsx' flag is provided.
src/app/more/admin-dashboard/page.tsx(1752,15): error TS17004: Cannot use JSX unless the '--jsx' flag is provided.
src/app/more/admin-dashboard/page.tsx(1755,11): error TS17004: Cannot use JSX unless the '--jsx' flag is provided.
src/app/more/admin-dashboard/page.tsx(1757,15): error TS17004: Cannot use JSX unless the '--jsx' flag is provided.
src/app/more/admin-dashboard/page.tsx(1758,17): error TS17004: Cannot use JSX unless the '--jsx' flag is provided.
src/app/more/admin-dashboard/page.tsx(1759,19): error TS17004: Cannot use JSX unless the '--jsx' flag is provided.
src/app/more/admin-dashboard/page.tsx(1760,21): error TS17004: Cannot use JSX unless the '--jsx' flag is provided.
src/app/more/admin-dashboard/page.tsx(1761,21): error TS17004: Cannot use JSX unless the '--jsx' flag is provided.
src/app/more/admin-dashboard/page.tsx(1762,23): error TS17004: Cannot use JSX unless the '--jsx' flag is provided.
src/app/more/admin-dashboard/page.tsx(1763,23): error TS17004: Cannot use JSX unless the '--jsx' flag is provided.
src/app/more/admin-dashboard/page.tsx(1767,17): error TS17004: Cannot use JSX unless the '--jsx' flag is provided.
src/app/more/admin-dashboard/page.tsx(1768,19): error TS17004: Cannot use JSX unless the '--jsx' flag is provided.
src/app/more/admin-dashboard/page.tsx(1770,17): error TS17004: Cannot use JSX unless the '--jsx' flag is provided.
src/app/more/admin-dashboard/page.tsx(1771,17): error TS17004: Cannot use JSX unless the '--jsx' flag is provided.
src/app/more/admin-dashboard/page.tsx(1772,17): error TS17004: Cannot use JSX unless the '--jsx' flag is provided.
src/app/more/admin-dashboard/page.tsx(1773,19): error TS17004: Cannot use JSX unless the '--jsx' flag is provided.
src/app/more/admin-dashboard/page.tsx(1774,21): error TS17004: Cannot use JSX unless the '--jsx' flag is provided.
src/app/more/admin-dashboard/page.tsx(1775,21): error TS17004: Cannot use JSX unless the '--jsx' flag is provided.
src/app/more/admin-dashboard/page.tsx(1776,21): error TS17004: Cannot use JSX unless the '--jsx' flag is provided.
src/app/more/admin-dashboard/page.tsx(1783,30): error TS17004: Cannot use JSX unless the '--jsx' flag is provided.
src/app/more/admin-dashboard/page.tsx(1786,9): error TS17004: Cannot use JSX unless the '--jsx' flag is provided.
src/app/more/admin-dashboard/page.tsx(1787,11): error TS17004: Cannot use JSX unless the '--jsx' flag is provided.
src/app/more/admin-dashboard/page.tsx(1788,13): error TS17004: Cannot use JSX unless the '--jsx' flag is provided.
src/app/more/admin-dashboard/page.tsx(1789,13): error TS17004: Cannot use JSX unless the '--jsx' flag is provided.
src/app/more/admin-dashboard/page.tsx(1791,11): error TS17004: Cannot use JSX unless the '--jsx' flag is provided.
src/app/more/admin-dashboard/page.tsx(1792,11): error TS17004: Cannot use JSX unless the '--jsx' flag is provided.
src/app/more/admin-dashboard/page.tsx(1793,11): error TS17004: Cannot use JSX unless the '--jsx' flag is provided.
src/app/more/admin-dashboard/page.tsx(1797,9): error TS17004: Cannot use JSX unless the '--jsx' flag is provided.
src/app/more/admin-dashboard/page.tsx(1798,11): error TS17004: Cannot use JSX unless the '--jsx' flag is provided.
src/app/more/admin-dashboard/page.tsx(1799,13): error TS17004: Cannot use JSX unless the '--jsx' flag is provided.
src/app/more/admin-dashboard/page.tsx(1800,13): error TS17004: Cannot use JSX unless the '--jsx' flag is provided.
src/app/more/admin-dashboard/page.tsx(1802,11): error TS17004: Cannot use JSX unless the '--jsx' flag is provided.
src/app/more/admin-dashboard/page.tsx(1803,13): error TS17004: Cannot use JSX unless the '--jsx' flag is provided.
src/app/more/admin-dashboard/page.tsx(1807,15): error TS17004: Cannot use JSX unless the '--jsx' flag is provided.
src/app/more/admin-dashboard/page.tsx(1808,15): error TS17004: Cannot use JSX unless the '--jsx' flag is provided.
src/app/more/admin-dashboard/page.tsx(1810,13): error TS17004: Cannot use JSX unless the '--jsx' flag is provided.
src/app/more/admin-dashboard/page.tsx(1841,5): error TS17004: Cannot use JSX unless the '--jsx' flag is provided.
src/app/more/admin-dashboard/page.tsx(1842,7): error TS17004: Cannot use JSX unless the '--jsx' flag is provided.
src/app/more/admin-dashboard/page.tsx(1843,9): error TS17004: Cannot use JSX unless the '--jsx' flag is provided.
src/app/more/admin-dashboard/page.tsx(1844,9): error TS17004: Cannot use JSX unless the '--jsx' flag is provided.
src/app/more/admin-dashboard/page.tsx(1848,7): error TS17004: Cannot use JSX unless the '--jsx' flag is provided.
src/app/more/admin-dashboard/page.tsx(1849,9): error TS17004: Cannot use JSX unless the '--jsx' flag is provided.
src/app/more/admin-dashboard/page.tsx(1850,9): error TS17004: Cannot use JSX unless the '--jsx' flag is provided.
src/app/more/admin-dashboard/page.tsx(1851,9): error TS17004: Cannot use JSX unless the '--jsx' flag is provided.
src/app/more/admin-dashboard/page.tsx(1852,9): error TS17004: Cannot use JSX unless the '--jsx' flag is provided.
src/app/more/admin-dashboard/page.tsx(1853,11): error TS17004: Cannot use JSX unless the '--jsx' flag is provided.
src/app/more/admin-dashboard/page.tsx(1854,11): error TS17004: Cannot use JSX unless the '--jsx' flag is provided.
src/app/more/admin-dashboard/page.tsx(1904,5): error TS17004: Cannot use JSX unless the '--jsx' flag is provided.
src/app/more/admin-dashboard/page.tsx(1905,7): error TS17004: Cannot use JSX unless the '--jsx' flag is provided.
src/app/more/admin-dashboard/page.tsx(1906,9): error TS17004: Cannot use JSX unless the '--jsx' flag is provided.
src/app/more/admin-dashboard/page.tsx(1907,9): error TS17004: Cannot use JSX unless the '--jsx' flag is provided.
src/app/more/admin-dashboard/page.tsx(1910,9): error TS17004: Cannot use JSX unless the '--jsx' flag is provided.
src/app/more/admin-dashboard/page.tsx(1911,11): error TS17004: Cannot use JSX unless the '--jsx' flag is provided.
src/app/more/admin-dashboard/page.tsx(1912,13): error TS17004: Cannot use JSX unless the '--jsx' flag is provided.
src/app/more/admin-dashboard/page.tsx(1913,15): error TS17004: Cannot use JSX unless the '--jsx' flag is provided.
src/app/more/admin-dashboard/page.tsx(1914,15): error TS17004: Cannot use JSX unless the '--jsx' flag is provided.
src/app/more/admin-dashboard/page.tsx(1915,17): error TS17004: Cannot use JSX unless the '--jsx' flag is provided.
src/app/more/admin-dashboard/page.tsx(1916,17): error TS17004: Cannot use JSX unless the '--jsx' flag is provided.
src/app/more/admin-dashboard/page.tsx(1919,13): error TS17004: Cannot use JSX unless the '--jsx' flag is provided.
src/app/more/admin-dashboard/page.tsx(1920,15): error TS17004: Cannot use JSX unless the '--jsx' flag is provided.
src/app/more/admin-dashboard/page.tsx(1921,15): error TS17004: Cannot use JSX unless the '--jsx' flag is provided.
src/app/more/admin-dashboard/page.tsx(1925,17): error TS17004: Cannot use JSX unless the '--jsx' flag is provided.
src/app/more/admin-dashboard/page.tsx(1927,19): error TS17004: Cannot use JSX unless the '--jsx' flag is provided.
src/app/more/admin-dashboard/page.tsx(1931,13): error TS17004: Cannot use JSX unless the '--jsx' flag is provided.
src/app/more/admin-dashboard/page.tsx(1932,13): error TS17004: Cannot use JSX unless the '--jsx' flag is provided.
src/app/more/admin-dashboard/page.tsx(1933,13): error TS17004: Cannot use JSX unless the '--jsx' flag is provided.
src/app/more/admin-dashboard/page.tsx(1934,13): error TS17004: Cannot use JSX unless the '--jsx' flag is provided.
src/app/more/admin-dashboard/page.tsx(1935,15): error TS17004: Cannot use JSX unless the '--jsx' flag is provided.
src/app/more/admin-dashboard/page.tsx(1936,15): error TS17004: Cannot use JSX unless the '--jsx' flag is provided.
src/app/more/admin-dashboard/page.tsx(1937,15): error TS17004: Cannot use JSX unless the '--jsx' flag is provided.
src/app/more/admin-dashboard/page.tsx(1938,15): error TS17004: Cannot use JSX unless the '--jsx' flag is provided.
src/app/more/admin-dashboard/page.tsx(1939,15): error TS17004: Cannot use JSX unless the '--jsx' flag is provided.
src/app/more/admin-dashboard/page.tsx(1940,15): error TS17004: Cannot use JSX unless the '--jsx' flag is provided.
src/app/more/admin-dashboard/page.tsx(1941,15): error TS17004: Cannot use JSX unless the '--jsx' flag is provided.
src/app/more/admin-dashboard/page.tsx(1943,13): error TS17004: Cannot use JSX unless the '--jsx' flag is provided.
src/app/more/admin-dashboard/page.tsx(1944,13): error TS17004: Cannot use JSX unless the '--jsx' flag is provided.
src/app/more/admin-dashboard/page.tsx(1946,11): error TS17004: Cannot use JSX unless the '--jsx' flag is provided.
src/app/more/admin-dashboard/page.tsx(1947,13): error TS17004: Cannot use JSX unless the '--jsx' flag is provided.
src/app/more/admin-dashboard/page.tsx(1948,13): error TS17004: Cannot use JSX unless the '--jsx' flag is provided.
src/app/more/admin-dashboard/page.tsx(1953,9): error TS17004: Cannot use JSX unless the '--jsx' flag is provided.
src/app/more/admin-dashboard/page.tsx(1955,13): error TS17004: Cannot use JSX unless the '--jsx' flag is provided.
src/app/more/admin-dashboard/page.tsx(1956,15): error TS17004: Cannot use JSX unless the '--jsx' flag is provided.
src/app/more/admin-dashboard/page.tsx(1965,15): error TS17004: Cannot use JSX unless the '--jsx' flag is provided.
src/app/more/admin-dashboard/page.tsx(1966,17): error TS17004: Cannot use JSX unless the '--jsx' flag is provided.
src/app/more/admin-dashboard/page.tsx(1970,19): error TS17004: Cannot use JSX unless the '--jsx' flag is provided.
src/app/more/admin-dashboard/page.tsx(1972,21): error TS17004: Cannot use JSX unless the '--jsx' flag is provided.
src/app/more/admin-dashboard/page.tsx(1975,17): error TS17004: Cannot use JSX unless the '--jsx' flag is provided.
src/app/more/admin-dashboard/page.tsx(1976,19): error TS17004: Cannot use JSX unless the '--jsx' flag is provided.
src/app/more/admin-dashboard/page.tsx(1977,19): error TS17004: Cannot use JSX unless the '--jsx' flag is provided.
src/app/more/admin-dashboard/page.tsx(1979,17): error TS17004: Cannot use JSX unless the '--jsx' flag is provided.
src/app/more/admin-dashboard/page.tsx(1980,17): error TS17004: Cannot use JSX unless the '--jsx' flag is provided.
src/app/more/admin-dashboard/page.tsx(1981,17): error TS17004: Cannot use JSX unless the '--jsx' flag is provided.
src/app/more/admin-dashboard/page.tsx(1987,9): error TS17004: Cannot use JSX unless the '--jsx' flag is provided.
src/app/more/admin-dashboard/page.tsx(2019,5): error TS17004: Cannot use JSX unless the '--jsx' flag is provided.
src/app/more/admin-dashboard/page.tsx(2020,7): error TS17004: Cannot use JSX unless the '--jsx' flag is provided.
src/app/more/admin-dashboard/page.tsx(2021,9): error TS17004: Cannot use JSX unless the '--jsx' flag is provided.
src/app/more/admin-dashboard/page.tsx(2022,9): error TS17004: Cannot use JSX unless the '--jsx' flag is provided.
src/app/more/admin-dashboard/page.tsx(2024,7): error TS17004: Cannot use JSX unless the '--jsx' flag is provided.
src/app/more/admin-dashboard/page.tsx(2024,64): error TS17004: Cannot use JSX unless the '--jsx' flag is provided.
src/app/more/admin-dashboard/page.tsx(2025,7): error TS17004: Cannot use JSX unless the '--jsx' flag is provided.
src/app/more/admin-dashboard/page.tsx(2026,7): error TS17004: Cannot use JSX unless the '--jsx' flag is provided.
src/app/more/admin-dashboard/page.tsx(2027,7): error TS17004: Cannot use JSX unless the '--jsx' flag is provided.
src/app/more/admin-dashboard/page.tsx(2028,20): error TS17004: Cannot use JSX unless the '--jsx' flag is provided.
src/app/more/admin-dashboard/page.tsx(2029,49): error TS17004: Cannot use JSX unless the '--jsx' flag is provided.
src/app/more/admin-dashboard/page.tsx(2031,11): error TS17004: Cannot use JSX unless the '--jsx' flag is provided.
src/app/more/admin-dashboard/page.tsx(2032,13): error TS17004: Cannot use JSX unless the '--jsx' flag is provided.
src/app/more/admin-dashboard/page.tsx(2036,22): error TS17004: Cannot use JSX unless the '--jsx' flag is provided.
src/app/more/admin-dashboard/page.tsx(2054,5): error TS17004: Cannot use JSX unless the '--jsx' flag is provided.
src/app/more/admin-dashboard/page.tsx(2055,7): error TS17004: Cannot use JSX unless the '--jsx' flag is provided.
src/app/more/admin-dashboard/page.tsx(2056,9): error TS17004: Cannot use JSX unless the '--jsx' flag is provided.
src/app/more/admin-dashboard/page.tsx(2057,11): error TS17004: Cannot use JSX unless the '--jsx' flag is provided.
src/app/more/admin-dashboard/page.tsx(2058,11): error TS17004: Cannot use JSX unless the '--jsx' flag is provided.
src/app/more/admin-dashboard/page.tsx(2060,9): error TS17004: Cannot use JSX unless the '--jsx' flag is provided.
src/app/more/admin-dashboard/page.tsx(2061,11): error TS17004: Cannot use JSX unless the '--jsx' flag is provided.
src/app/more/admin-dashboard/page.tsx(2062,13): error TS17004: Cannot use JSX unless the '--jsx' flag is provided.
src/app/more/admin-dashboard/page.tsx(2063,13): error TS17004: Cannot use JSX unless the '--jsx' flag is provided.
src/app/more/admin-dashboard/page.tsx(2065,11): error TS17004: Cannot use JSX unless the '--jsx' flag is provided.
src/app/more/admin-dashboard/page.tsx(2066,13): error TS17004: Cannot use JSX unless the '--jsx' flag is provided.
src/app/more/admin-dashboard/page.tsx(2067,13): error TS17004: Cannot use JSX unless the '--jsx' flag is provided.
src/app/more/admin-dashboard/page.tsx(2069,11): error TS17004: Cannot use JSX unless the '--jsx' flag is provided.
src/app/more/admin-dashboard/page.tsx(2070,13): error TS17004: Cannot use JSX unless the '--jsx' flag is provided.
src/app/more/admin-dashboard/page.tsx(2071,13): error TS17004: Cannot use JSX unless the '--jsx' flag is provided.
src/app/more/admin-dashboard/page.tsx(2072,15): error TS17004: Cannot use JSX unless the '--jsx' flag is provided.
src/app/more/admin-dashboard/page.tsx(2073,15): error TS17004: Cannot use JSX unless the '--jsx' flag is provided.
src/app/more/admin-dashboard/page.tsx(2074,15): error TS17004: Cannot use JSX unless the '--jsx' flag is provided.
src/app/more/admin-dashboard/page.tsx(2077,11): error TS17004: Cannot use JSX unless the '--jsx' flag is provided.
src/app/more/admin-dashboard/page.tsx(2078,13): error TS17004: Cannot use JSX unless the '--jsx' flag is provided.
src/app/more/admin-dashboard/page.tsx(2079,13): error TS17004: Cannot use JSX unless the '--jsx' flag is provided.
src/app/more/admin-dashboard/page.tsx(2082,9): error TS17004: Cannot use JSX unless the '--jsx' flag is provided.
src/app/more/admin-dashboard/page.tsx(2083,11): error TS17004: Cannot use JSX unless the '--jsx' flag is provided.
src/app/more/admin-dashboard/page.tsx(2084,11): error TS17004: Cannot use JSX unless the '--jsx' flag is provided.
src/app/more/admin-dashboard/page.tsx(2285,5): error TS17004: Cannot use JSX unless the '--jsx' flag is provided.
src/app/more/admin-dashboard/page.tsx(2286,7): error TS17004: Cannot use JSX unless the '--jsx' flag is provided.
src/app/more/admin-dashboard/page.tsx(2287,9): error TS17004: Cannot use JSX unless the '--jsx' flag is provided.
src/app/more/admin-dashboard/page.tsx(2288,9): error TS17004: Cannot use JSX unless the '--jsx' flag is provided.
src/app/more/admin-dashboard/page.tsx(2289,11): error TS17004: Cannot use JSX unless the '--jsx' flag is provided.
src/app/more/admin-dashboard/page.tsx(2293,7): error TS17004: Cannot use JSX unless the '--jsx' flag is provided.
src/app/more/admin-dashboard/page.tsx(2294,9): error TS17004: Cannot use JSX unless the '--jsx' flag is provided.
src/app/more/admin-dashboard/page.tsx(2295,11): error TS17004: Cannot use JSX unless the '--jsx' flag is provided.
src/app/more/admin-dashboard/page.tsx(2296,13): error TS17004: Cannot use JSX unless the '--jsx' flag is provided.
src/app/more/admin-dashboard/page.tsx(2297,13): error TS17004: Cannot use JSX unless the '--jsx' flag is provided.
src/app/more/admin-dashboard/page.tsx(2299,11): error TS17004: Cannot use JSX unless the '--jsx' flag is provided.
src/app/more/admin-dashboard/page.tsx(2304,11): error TS17004: Cannot use JSX unless the '--jsx' flag is provided.
src/app/more/admin-dashboard/page.tsx(2305,17): error TS17004: Cannot use JSX unless the '--jsx' flag is provided.
src/app/more/admin-dashboard/page.tsx(2305,112): error TS17004: Cannot use JSX unless the '--jsx' flag is provided.
src/app/more/admin-dashboard/page.tsx(2305,196): error TS17004: Cannot use JSX unless the '--jsx' flag is provided.
src/app/more/admin-dashboard/page.tsx(2309,11): error TS17004: Cannot use JSX unless the '--jsx' flag is provided.
src/app/more/admin-dashboard/page.tsx(2310,13): error TS17004: Cannot use JSX unless the '--jsx' flag is provided.
src/app/more/admin-dashboard/page.tsx(2311,13): error TS17004: Cannot use JSX unless the '--jsx' flag is provided.
src/app/more/admin-dashboard/page.tsx(2313,15): error TS17004: Cannot use JSX unless the '--jsx' flag is provided.
src/app/more/admin-dashboard/page.tsx(2314,17): error TS17004: Cannot use JSX unless the '--jsx' flag is provided.
src/app/more/admin-dashboard/page.tsx(2315,17): error TS17004: Cannot use JSX unless the '--jsx' flag is provided.
src/app/more/admin-dashboard/page.tsx(2321,11): error TS17004: Cannot use JSX unless the '--jsx' flag is provided.
src/app/more/admin-dashboard/page.tsx(2323,9): error TS17004: Cannot use JSX unless the '--jsx' flag is provided.
src/app/more/admin-dashboard/page.tsx(2324,11): error TS17004: Cannot use JSX unless the '--jsx' flag is provided.
src/app/more/admin-dashboard/page.tsx(2325,13): error TS17004: Cannot use JSX unless the '--jsx' flag is provided.
src/app/more/admin-dashboard/page.tsx(2326,13): error TS17004: Cannot use JSX unless the '--jsx' flag is provided.
src/app/more/admin-dashboard/page.tsx(2333,11): error TS17004: Cannot use JSX unless the '--jsx' flag is provided.
src/app/more/admin-dashboard/page.tsx(2334,13): error TS17004: Cannot use JSX unless the '--jsx' flag is provided.
src/app/more/admin-dashboard/page.tsx(2335,13): error TS17004: Cannot use JSX unless the '--jsx' flag is provided.
src/app/more/admin-dashboard/page.tsx(2342,11): error TS17004: Cannot use JSX unless the '--jsx' flag is provided.
src/app/more/admin-dashboard/page.tsx(2343,13): error TS17004: Cannot use JSX unless the '--jsx' flag is provided.
src/app/more/admin-dashboard/page.tsx(2344,13): error TS17004: Cannot use JSX unless the '--jsx' flag is provided.
src/app/more/admin-dashboard/page.tsx(2345,15): error TS17004: Cannot use JSX unless the '--jsx' flag is provided.
src/app/more/admin-dashboard/page.tsx(2353,15): error TS17004: Cannot use JSX unless the '--jsx' flag is provided.
src/app/more/admin-dashboard/page.tsx(2357,9): error TS17004: Cannot use JSX unless the '--jsx' flag is provided.
src/app/more/admin-dashboard/page.tsx(2358,11): error TS17004: Cannot use JSX unless the '--jsx' flag is provided.
src/app/more/admin-dashboard/page.tsx(2359,13): error TS17004: Cannot use JSX unless the '--jsx' flag is provided.
src/app/more/admin-dashboard/page.tsx(2360,13): error TS17004: Cannot use JSX unless the '--jsx' flag is provided.
src/app/more/admin-dashboard/page.tsx(2368,19): error TS17004: Cannot use JSX unless the '--jsx' flag is provided.
src/app/more/admin-dashboard/page.tsx(2390,11): error TS17004: Cannot use JSX unless the '--jsx' flag is provided.
src/app/more/admin-dashboard/page.tsx(2391,13): error TS17004: Cannot use JSX unless the '--jsx' flag is provided.
src/app/more/admin-dashboard/page.tsx(2392,13): error TS17004: Cannot use JSX unless the '--jsx' flag is provided.
src/app/more/admin-dashboard/page.tsx(2404,19): error TS17004: Cannot use JSX unless the '--jsx' flag is provided.
src/app/more/admin-dashboard/page.tsx(2417,11): error TS17004: Cannot use JSX unless the '--jsx' flag is provided.
src/app/more/admin-dashboard/page.tsx(2418,13): error TS17004: Cannot use JSX unless the '--jsx' flag is provided.
src/app/more/admin-dashboard/page.tsx(2419,13): error TS17004: Cannot use JSX unless the '--jsx' flag is provided.
src/app/more/admin-dashboard/page.tsx(2420,15): error TS17004: Cannot use JSX unless the '--jsx' flag is provided.
src/app/more/admin-dashboard/page.tsx(2437,19): error TS17004: Cannot use JSX unless the '--jsx' flag is provided.
src/app/more/admin-dashboard/page.tsx(2459,11): error TS17004: Cannot use JSX unless the '--jsx' flag is provided.
src/app/more/admin-dashboard/page.tsx(2460,13): error TS17004: Cannot use JSX unless the '--jsx' flag is provided.
src/app/more/admin-dashboard/page.tsx(2461,13): error TS17004: Cannot use JSX unless the '--jsx' flag is provided.
src/app/more/admin-dashboard/page.tsx(2468,17): error TS17004: Cannot use JSX unless the '--jsx' flag is provided.
src/app/more/admin-dashboard/page.tsx(2483,9): error TS17004: Cannot use JSX unless the '--jsx' flag is provided.
src/app/more/admin-dashboard/page.tsx(2484,11): error TS17004: Cannot use JSX unless the '--jsx' flag is provided.
src/app/more/admin-dashboard/page.tsx(2491,15): error TS17004: Cannot use JSX unless the '--jsx' flag is provided.
src/app/more/admin-dashboard/page.tsx(2492,17): error TS17004: Cannot use JSX unless the '--jsx' flag is provided.
src/app/more/admin-dashboard/page.tsx(2500,13): error TS17004: Cannot use JSX unless the '--jsx' flag is provided.
src/app/more/admin-dashboard/page.tsx(2505,9): error TS17004: Cannot use JSX unless the '--jsx' flag is provided.
src/app/more/admin-dashboard/page.tsx(2510,9): error TS17004: Cannot use JSX unless the '--jsx' flag is provided.
src/app/more/admin-dashboard/page.tsx(2514,15): error TS17004: Cannot use JSX unless the '--jsx' flag is provided.
src/app/more/admin-dashboard/page.tsx(2519,9): error TS17004: Cannot use JSX unless the '--jsx' flag is provided.
src/app/more/admin-dashboard/page.tsx(2522,9): error TS17004: Cannot use JSX unless the '--jsx' flag is provided.
src/app/more/admin-dashboard/page.tsx(2693,5): error TS17004: Cannot use JSX unless the '--jsx' flag is provided.
src/app/more/admin-dashboard/page.tsx(2694,7): error TS17004: Cannot use JSX unless the '--jsx' flag is provided.
src/app/more/admin-dashboard/page.tsx(2695,9): error TS17004: Cannot use JSX unless the '--jsx' flag is provided.
src/app/more/admin-dashboard/page.tsx(2696,11): error TS17004: Cannot use JSX unless the '--jsx' flag is provided.
src/app/more/admin-dashboard/page.tsx(2697,13): error TS17004: Cannot use JSX unless the '--jsx' flag is provided.
src/app/more/admin-dashboard/page.tsx(2698,13): error TS17004: Cannot use JSX unless the '--jsx' flag is provided.
src/app/more/admin-dashboard/page.tsx(2700,11): error TS17004: Cannot use JSX unless the '--jsx' flag is provided.
src/app/more/admin-dashboard/page.tsx(2703,11): error TS17004: Cannot use JSX unless the '--jsx' flag is provided.
src/app/more/admin-dashboard/page.tsx(2704,13): error TS17004: Cannot use JSX unless the '--jsx' flag is provided.
src/app/more/admin-dashboard/page.tsx(2706,17): error TS17004: Cannot use JSX unless the '--jsx' flag is provided.
src/app/more/admin-dashboard/page.tsx(2712,15): error TS17004: Cannot use JSX unless the '--jsx' flag is provided.
src/app/more/admin-dashboard/page.tsx(2713,17): error TS17004: Cannot use JSX unless the '--jsx' flag is provided.
src/app/more/admin-dashboard/page.tsx(2714,19): error TS17004: Cannot use JSX unless the '--jsx' flag is provided.
src/app/more/admin-dashboard/page.tsx(2715,19): error TS17004: Cannot use JSX unless the '--jsx' flag is provided.
src/app/more/admin-dashboard/page.tsx(2717,17): error TS17004: Cannot use JSX unless the '--jsx' flag is provided.
src/app/more/admin-dashboard/page.tsx(2718,19): error TS17004: Cannot use JSX unless the '--jsx' flag is provided.
src/app/more/admin-dashboard/page.tsx(2719,19): error TS17004: Cannot use JSX unless the '--jsx' flag is provided.
src/app/more/admin-dashboard/page.tsx(2724,15): error TS17004: Cannot use JSX unless the '--jsx' flag is provided.
src/app/more/admin-dashboard/page.tsx(2725,17): error TS17004: Cannot use JSX unless the '--jsx' flag is provided.
src/app/more/admin-dashboard/page.tsx(2726,19): error TS17004: Cannot use JSX unless the '--jsx' flag is provided.
src/app/more/admin-dashboard/page.tsx(2727,19): error TS17004: Cannot use JSX unless the '--jsx' flag is provided.
src/app/more/admin-dashboard/page.tsx(2729,17): error TS17004: Cannot use JSX unless the '--jsx' flag is provided.
src/app/more/admin-dashboard/page.tsx(2730,19): error TS17004: Cannot use JSX unless the '--jsx' flag is provided.
src/app/more/admin-dashboard/page.tsx(2731,19): error TS17004: Cannot use JSX unless the '--jsx' flag is provided.
src/app/more/admin-dashboard/page.tsx(2733,17): error TS17004: Cannot use JSX unless the '--jsx' flag is provided.
src/app/more/admin-dashboard/page.tsx(2734,19): error TS17004: Cannot use JSX unless the '--jsx' flag is provided.
src/app/more/admin-dashboard/page.tsx(2735,19): error TS17004: Cannot use JSX unless the '--jsx' flag is provided.
src/app/more/admin-dashboard/page.tsx(2737,17): error TS17004: Cannot use JSX unless the '--jsx' flag is provided.
src/app/more/admin-dashboard/page.tsx(2738,19): error TS17004: Cannot use JSX unless the '--jsx' flag is provided.
src/app/more/admin-dashboard/page.tsx(2739,19): error TS17004: Cannot use JSX unless the '--jsx' flag is provided.
src/app/more/admin-dashboard/page.tsx(2741,17): error TS17004: Cannot use JSX unless the '--jsx' flag is provided.
src/app/more/admin-dashboard/page.tsx(2742,19): error TS17004: Cannot use JSX unless the '--jsx' flag is provided.
src/app/more/admin-dashboard/page.tsx(2743,19): error TS17004: Cannot use JSX unless the '--jsx' flag is provided.
src/app/more/admin-dashboard/page.tsx(2744,19): error TS17004: Cannot use JSX unless the '--jsx' flag is provided.
src/app/more/admin-dashboard/page.tsx(2749,15): error TS17004: Cannot use JSX unless the '--jsx' flag is provided.
src/app/more/admin-dashboard/page.tsx(2750,17): error TS17004: Cannot use JSX unless the '--jsx' flag is provided.
src/app/more/admin-dashboard/page.tsx(2751,19): error TS17004: Cannot use JSX unless the '--jsx' flag is provided.
src/app/more/admin-dashboard/page.tsx(2752,19): error TS17004: Cannot use JSX unless the '--jsx' flag is provided.
src/app/more/admin-dashboard/page.tsx(2756,21): error TS17004: Cannot use JSX unless the '--jsx' flag is provided.
src/app/more/admin-dashboard/page.tsx(2758,23): error TS17004: Cannot use JSX unless the '--jsx' flag is provided.
src/app/more/admin-dashboard/page.tsx(2761,19): error TS17004: Cannot use JSX unless the '--jsx' flag is provided.
src/app/more/admin-dashboard/page.tsx(2764,19): error TS17004: Cannot use JSX unless the '--jsx' flag is provided.
src/app/more/admin-dashboard/page.tsx(2765,21): error TS17004: Cannot use JSX unless the '--jsx' flag is provided.
src/app/more/admin-dashboard/page.tsx(2766,23): error TS17004: Cannot use JSX unless the '--jsx' flag is provided.
src/app/more/admin-dashboard/page.tsx(2777,21): error TS17004: Cannot use JSX unless the '--jsx' flag is provided.
src/app/more/admin-dashboard/page.tsx(2778,23): error TS17004: Cannot use JSX unless the '--jsx' flag is provided.
src/app/more/admin-dashboard/page.tsx(2790,23): error TS17004: Cannot use JSX unless the '--jsx' flag is provided.
src/app/more/admin-dashboard/page.tsx(2794,21): error TS17004: Cannot use JSX unless the '--jsx' flag is provided.
src/app/more/admin-dashboard/page.tsx(2797,21): error TS17004: Cannot use JSX unless the '--jsx' flag is provided.
src/app/more/admin-dashboard/page.tsx(2798,39): error TS17004: Cannot use JSX unless the '--jsx' flag is provided.
src/app/more/admin-dashboard/page.tsx(2803,17): error TS17004: Cannot use JSX unless the '--jsx' flag is provided.
src/app/more/admin-dashboard/page.tsx(2804,19): error TS17004: Cannot use JSX unless the '--jsx' flag is provided.
src/app/more/admin-dashboard/page.tsx(2805,19): error TS17004: Cannot use JSX unless the '--jsx' flag is provided.
src/app/more/admin-dashboard/page.tsx(2807,17): error TS17004: Cannot use JSX unless the '--jsx' flag is provided.
src/app/more/admin-dashboard/page.tsx(2810,13): error TS17004: Cannot use JSX unless the '--jsx' flag is provided.
src/app/more/admin-dashboard/page.tsx(2811,15): error TS17004: Cannot use JSX unless the '--jsx' flag is provided.
src/app/more/admin-dashboard/page.tsx(2812,27): error TS17004: Cannot use JSX unless the '--jsx' flag is provided.
src/app/more/admin-dashboard/page.tsx(2812,158): error TS17004: Cannot use JSX unless the '--jsx' flag is provided.
src/app/more/admin-dashboard/page.tsx(2816,9): error TS17004: Cannot use JSX unless the '--jsx' flag is provided.
src/app/more/admin-dashboard/page.tsx(2817,11): error TS17004: Cannot use JSX unless the '--jsx' flag is provided.
src/app/more/admin-dashboard/page.tsx(2818,28): error TS17004: Cannot use JSX unless the '--jsx' flag is provided.
src/app/more/admin-dashboard/page.tsx(2819,13): error TS17004: Cannot use JSX unless the '--jsx' flag is provided.
src/app/more/admin-dashboard/page.tsx(2821,17): error TS17004: Cannot use JSX unless the '--jsx' flag is provided.
src/app/more/admin-dashboard/page.tsx(2822,19): error TS17004: Cannot use JSX unless the '--jsx' flag is provided.
src/app/more/admin-dashboard/page.tsx(2823,21): error TS17004: Cannot use JSX unless the '--jsx' flag is provided.
src/app/more/admin-dashboard/page.tsx(2824,23): error TS17004: Cannot use JSX unless the '--jsx' flag is provided.
src/app/more/admin-dashboard/page.tsx(2825,23): error TS17004: Cannot use JSX unless the '--jsx' flag is provided.
src/app/more/admin-dashboard/page.tsx(2827,21): error TS17004: Cannot use JSX unless the '--jsx' flag is provided.
src/app/more/admin-dashboard/page.tsx(2828,23): error TS17004: Cannot use JSX unless the '--jsx' flag is provided.
src/app/more/admin-dashboard/page.tsx(2829,23): error TS17004: Cannot use JSX unless the '--jsx' flag is provided.
src/app/more/admin-dashboard/page.tsx(2830,23): error TS17004: Cannot use JSX unless the '--jsx' flag is provided.
src/app/more/admin-dashboard/page.tsx(2831,23): error TS17004: Cannot use JSX unless the '--jsx' flag is provided.
src/app/more/admin-dashboard/page.tsx(2840,7): error TS17004: Cannot use JSX unless the '--jsx' flag is provided.
src/app/more/admin-dashboard/page.tsx(2841,9): error TS17004: Cannot use JSX unless the '--jsx' flag is provided.
src/app/more/admin-dashboard/page.tsx(2842,9): error TS17004: Cannot use JSX unless the '--jsx' flag is provided.
src/app/more/admin-dashboard/page.tsx(2843,11): error TS17004: Cannot use JSX unless the '--jsx' flag is provided.
src/app/more/admin-dashboard/page.tsx(2844,11): error TS17004: Cannot use JSX unless the '--jsx' flag is provided.
src/app/more/admin-dashboard/page.tsx(2846,9): error TS17004: Cannot use JSX unless the '--jsx' flag is provided.
src/app/more/admin-dashboard/page.tsx(2847,9): error TS17004: Cannot use JSX unless the '--jsx' flag is provided.
src/app/more/admin-dashboard/page.tsx(2864,5): error TS17004: Cannot use JSX unless the '--jsx' flag is provided.
src/app/more/admin-dashboard/page.tsx(2865,7): error TS17004: Cannot use JSX unless the '--jsx' flag is provided.
src/app/more/admin-dashboard/page.tsx(2866,9): error TS17004: Cannot use JSX unless the '--jsx' flag is provided.
src/app/more/admin-dashboard/page.tsx(2867,9): error TS17004: Cannot use JSX unless the '--jsx' flag is provided.
src/app/more/admin-dashboard/page.tsx(2869,7): error TS17004: Cannot use JSX unless the '--jsx' flag is provided.
src/app/more/admin-dashboard/page.tsx(2871,9): error TS17004: Cannot use JSX unless the '--jsx' flag is provided.
src/app/more/admin-dashboard/page.tsx(2873,9): error TS17004: Cannot use JSX unless the '--jsx' flag is provided.
src/app/more/admin-dashboard/page.tsx(2875,13): error TS17004: Cannot use JSX unless the '--jsx' flag is provided.
src/app/more/admin-dashboard/page.tsx(2876,15): error TS17004: Cannot use JSX unless the '--jsx' flag is provided.
src/app/more/admin-dashboard/page.tsx(2877,15): error TS17004: Cannot use JSX unless the '--jsx' flag is provided.
src/app/more/admin-dashboard/page.tsx(2878,15): error TS17004: Cannot use JSX unless the '--jsx' flag is provided.
src/app/more/admin-dashboard/page.tsx(2879,29): error TS17004: Cannot use JSX unless the '--jsx' flag is provided.
src/app/more/admin-dashboard/page.tsx(2884,37): error TS17004: Cannot use JSX unless the '--jsx' flag is provided.
src/app/more/admin-dashboard/page.tsx(2900,5): error TS17004: Cannot use JSX unless the '--jsx' flag is provided.
src/app/more/admin-dashboard/page.tsx(2901,7): error TS17004: Cannot use JSX unless the '--jsx' flag is provided.
src/app/more/admin-dashboard/page.tsx(2902,9): error TS17004: Cannot use JSX unless the '--jsx' flag is provided.
src/app/more/admin-dashboard/page.tsx(2903,9): error TS17004: Cannot use JSX unless the '--jsx' flag is provided.
src/app/more/admin-dashboard/page.tsx(2905,7): error TS17004: Cannot use JSX unless the '--jsx' flag is provided.
src/app/more/admin-dashboard/page.tsx(2907,9): error TS17004: Cannot use JSX unless the '--jsx' flag is provided.
src/app/more/admin-dashboard/page.tsx(2909,9): error TS17004: Cannot use JSX unless the '--jsx' flag is provided.
src/app/more/admin-dashboard/page.tsx(2911,9): error TS17004: Cannot use JSX unless the '--jsx' flag is provided.
src/app/more/admin-dashboard/page.tsx(2913,13): error TS17004: Cannot use JSX unless the '--jsx' flag is provided.
src/app/more/admin-dashboard/page.tsx(2914,15): error TS17004: Cannot use JSX unless the '--jsx' flag is provided.
src/app/more/admin-dashboard/page.tsx(2915,17): error TS17004: Cannot use JSX unless the '--jsx' flag is provided.
src/app/more/admin-dashboard/page.tsx(2916,36): error TS17004: Cannot use JSX unless the '--jsx' flag is provided.
src/app/more/admin-dashboard/page.tsx(2918,15): error TS17004: Cannot use JSX unless the '--jsx' flag is provided.
src/app/more/admin-dashboard/page.tsx(2959,5): error TS17004: Cannot use JSX unless the '--jsx' flag is provided.
src/app/more/admin-dashboard/page.tsx(2960,7): error TS17004: Cannot use JSX unless the '--jsx' flag is provided.
src/app/more/admin-dashboard/page.tsx(2961,9): error TS17004: Cannot use JSX unless the '--jsx' flag is provided.
src/app/more/admin-dashboard/page.tsx(2962,9): error TS17004: Cannot use JSX unless the '--jsx' flag is provided.
src/app/more/admin-dashboard/page.tsx(2964,7): error TS17004: Cannot use JSX unless the '--jsx' flag is provided.
src/app/more/admin-dashboard/page.tsx(2966,7): error TS17004: Cannot use JSX unless the '--jsx' flag is provided.
src/app/more/admin-dashboard/page.tsx(2967,9): error TS17004: Cannot use JSX unless the '--jsx' flag is provided.
src/app/more/admin-dashboard/page.tsx(2970,9): error TS17004: Cannot use JSX unless the '--jsx' flag is provided.
src/app/more/admin-dashboard/page.tsx(2973,9): error TS17004: Cannot use JSX unless the '--jsx' flag is provided.
src/app/more/admin-dashboard/page.tsx(2978,9): error TS17004: Cannot use JSX unless the '--jsx' flag is provided.
src/app/more/admin-dashboard/page.tsx(2980,9): error TS17004: Cannot use JSX unless the '--jsx' flag is provided.
src/app/more/admin-dashboard/page.tsx(2982,9): error TS17004: Cannot use JSX unless the '--jsx' flag is provided.
src/app/more/admin-dashboard/page.tsx(2986,15): error TS17004: Cannot use JSX unless the '--jsx' flag is provided.
src/app/more/admin-dashboard/page.tsx(2987,17): error TS17004: Cannot use JSX unless the '--jsx' flag is provided.
src/app/more/admin-dashboard/page.tsx(2988,19): error TS17004: Cannot use JSX unless the '--jsx' flag is provided.
src/app/more/admin-dashboard/page.tsx(2989,21): error TS17004: Cannot use JSX unless the '--jsx' flag is provided.
src/app/more/admin-dashboard/page.tsx(2990,23): error TS17004: Cannot use JSX unless the '--jsx' flag is provided.
src/app/more/admin-dashboard/page.tsx(2993,23): error TS17004: Cannot use JSX unless the '--jsx' flag is provided.
src/app/more/admin-dashboard/page.tsx(2995,21): error TS17004: Cannot use JSX unless the '--jsx' flag is provided.
src/app/more/admin-dashboard/page.tsx(2996,46): error TS17004: Cannot use JSX unless the '--jsx' flag is provided.
src/app/more/admin-dashboard/page.tsx(2999,23): error TS17004: Cannot use JSX unless the '--jsx' flag is provided.
src/app/more/admin-dashboard/page.tsx(3004,19): error TS17004: Cannot use JSX unless the '--jsx' flag is provided.
src/app/more/admin-dashboard/page.tsx(3005,21): error TS17004: Cannot use JSX unless the '--jsx' flag is provided.
src/app/more/admin-dashboard/page.tsx(3011,23): error TS17004: Cannot use JSX unless the '--jsx' flag is provided.
src/app/more/admin-dashboard/page.tsx(3012,23): error TS17004: Cannot use JSX unless the '--jsx' flag is provided.
src/app/more/admin-dashboard/page.tsx(3013,23): error TS17004: Cannot use JSX unless the '--jsx' flag is provided.
src/app/more/admin-dashboard/page.tsx(3015,21): error TS17004: Cannot use JSX unless the '--jsx' flag is provided.
src/app/more/admin-dashboard/page.tsx(3018,17): error TS17004: Cannot use JSX unless the '--jsx' flag is provided.
src/app/more/admin-dashboard/page.tsx(3019,17): error TS17004: Cannot use JSX unless the '--jsx' flag is provided.
src/app/more/admin-dashboard/page.tsx(3020,19): error TS17004: Cannot use JSX unless the '--jsx' flag is provided.
src/app/more/admin-dashboard/page.tsx(3048,5): error TS17004: Cannot use JSX unless the '--jsx' flag is provided.
src/app/more/admin-dashboard/page.tsx(3049,7): error TS17004: Cannot use JSX unless the '--jsx' flag is provided.
src/app/more/admin-dashboard/page.tsx(3050,9): error TS17004: Cannot use JSX unless the '--jsx' flag is provided.
src/app/more/admin-dashboard/page.tsx(3051,9): error TS17004: Cannot use JSX unless the '--jsx' flag is provided.
src/app/more/admin-dashboard/page.tsx(3053,7): error TS17004: Cannot use JSX unless the '--jsx' flag is provided.
src/app/more/admin-dashboard/page.tsx(3055,9): error TS17004: Cannot use JSX unless the '--jsx' flag is provided.
src/app/more/admin-dashboard/page.tsx(3057,9): error TS17004: Cannot use JSX unless the '--jsx' flag is provided.
src/app/more/admin-dashboard/page.tsx(3059,13): error TS17004: Cannot use JSX unless the '--jsx' flag is provided.
src/app/more/admin-dashboard/page.tsx(3060,15): error TS17004: Cannot use JSX unless the '--jsx' flag is provided.
src/app/more/admin-dashboard/page.tsx(3061,17): error TS17004: Cannot use JSX unless the '--jsx' flag is provided.
src/app/more/admin-dashboard/page.tsx(3062,17): error TS17004: Cannot use JSX unless the '--jsx' flag is provided.
src/app/more/admin-dashboard/page.tsx(3064,15): error TS17004: Cannot use JSX unless the '--jsx' flag is provided.
src/app/more/admin-dashboard/page.tsx(3065,17): error TS17004: Cannot use JSX unless the '--jsx' flag is provided.
src/app/more/admin-dashboard/page.tsx(3066,17): error TS17004: Cannot use JSX unless the '--jsx' flag is provided.
src/app/more/admin-dashboard/page.tsx(3072,37): error TS17004: Cannot use JSX unless the '--jsx' flag is provided.
src/app/more/admin-dashboard/page.tsx(3094,5): error TS17004: Cannot use JSX unless the '--jsx' flag is provided.
src/app/more/admin-dashboard/page.tsx(3095,7): error TS17004: Cannot use JSX unless the '--jsx' flag is provided.
src/app/more/admin-dashboard/page.tsx(3096,9): error TS17004: Cannot use JSX unless the '--jsx' flag is provided.
src/app/more/admin-dashboard/page.tsx(3097,9): error TS17004: Cannot use JSX unless the '--jsx' flag is provided.
src/app/more/admin-dashboard/page.tsx(3100,9): error TS17004: Cannot use JSX unless the '--jsx' flag is provided.
src/app/more/admin-dashboard/page.tsx(3102,9): error TS17004: Cannot use JSX unless the '--jsx' flag is provided.
src/app/more/admin-dashboard/page.tsx(3103,11): error TS17004: Cannot use JSX unless the '--jsx' flag is provided.
src/app/more/admin-dashboard/page.tsx(3104,13): error TS17004: Cannot use JSX unless the '--jsx' flag is provided.
src/app/more/admin-dashboard/page.tsx(3105,15): error TS17004: Cannot use JSX unless the '--jsx' flag is provided.
src/app/more/admin-dashboard/page.tsx(3106,17): error TS17004: Cannot use JSX unless the '--jsx' flag is provided.
src/app/more/admin-dashboard/page.tsx(3107,17): error TS17004: Cannot use JSX unless the '--jsx' flag is provided.
src/app/more/admin-dashboard/page.tsx(3108,17): error TS17004: Cannot use JSX unless the '--jsx' flag is provided.
src/app/more/admin-dashboard/page.tsx(3109,17): error TS17004: Cannot use JSX unless the '--jsx' flag is provided.
src/app/more/admin-dashboard/page.tsx(3110,17): error TS17004: Cannot use JSX unless the '--jsx' flag is provided.
src/app/more/admin-dashboard/page.tsx(3111,17): error TS17004: Cannot use JSX unless the '--jsx' flag is provided.
src/app/more/admin-dashboard/page.tsx(3114,13): error TS17004: Cannot use JSX unless the '--jsx' flag is provided.
src/app/more/admin-dashboard/page.tsx(3118,19): error TS17004: Cannot use JSX unless the '--jsx' flag is provided.
src/app/more/admin-dashboard/page.tsx(3119,21): error TS17004: Cannot use JSX unless the '--jsx' flag is provided.
src/app/more/admin-dashboard/page.tsx(3120,21): error TS17004: Cannot use JSX unless the '--jsx' flag is provided.
src/app/more/admin-dashboard/page.tsx(3121,21): error TS17004: Cannot use JSX unless the '--jsx' flag is provided.
src/app/more/admin-dashboard/page.tsx(3122,21): error TS17004: Cannot use JSX unless the '--jsx' flag is provided.
src/app/more/admin-dashboard/page.tsx(3123,21): error TS17004: Cannot use JSX unless the '--jsx' flag is provided.
src/app/more/admin-dashboard/page.tsx(3124,23): error TS17004: Cannot use JSX unless the '--jsx' flag is provided.
src/app/more/admin-dashboard/page.tsx(3126,21): error TS17004: Cannot use JSX unless the '--jsx' flag is provided.
src/app/more/admin-dashboard/page.tsx(3134,40): error TS17004: Cannot use JSX unless the '--jsx' flag is provided.
src/app/more/admin-dashboard/page.tsx(3147,5): error TS17004: Cannot use JSX unless the '--jsx' flag is provided.
src/app/more/admin-dashboard/page.tsx(3148,7): error TS17004: Cannot use JSX unless the '--jsx' flag is provided.
src/app/more/admin-dashboard/page.tsx(3149,9): error TS17004: Cannot use JSX unless the '--jsx' flag is provided.
src/app/more/admin-dashboard/page.tsx(3150,9): error TS17004: Cannot use JSX unless the '--jsx' flag is provided.
src/app/more/admin-dashboard/page.tsx(3152,24): error TS17004: Cannot use JSX unless the '--jsx' flag is provided.
src/app/more/admin-dashboard/page.tsx(3153,9): error TS17004: Cannot use JSX unless the '--jsx' flag is provided.
src/app/more/admin-dashboard/page.tsx(3155,13): error TS17004: Cannot use JSX unless the '--jsx' flag is provided.
src/app/more/admin-dashboard/page.tsx(3156,15): error TS17004: Cannot use JSX unless the '--jsx' flag is provided.
src/app/more/admin-dashboard/page.tsx(3157,17): error TS17004: Cannot use JSX unless the '--jsx' flag is provided.
src/app/more/admin-dashboard/page.tsx(3158,17): error TS17004: Cannot use JSX unless the '--jsx' flag is provided.
src/app/more/admin-dashboard/page.tsx(3160,15): error TS17004: Cannot use JSX unless the '--jsx' flag is provided.
src/app/more/admin-dashboard/page.tsx(3243,5): error TS17004: Cannot use JSX unless the '--jsx' flag is provided.
src/app/more/admin-dashboard/page.tsx(3244,7): error TS17004: Cannot use JSX unless the '--jsx' flag is provided.
src/app/more/admin-dashboard/page.tsx(3246,7): error TS17004: Cannot use JSX unless the '--jsx' flag is provided.
src/app/more/admin-dashboard/page.tsx(3247,9): error TS17004: Cannot use JSX unless the '--jsx' flag is provided.
src/app/more/admin-dashboard/page.tsx(3248,9): error TS17004: Cannot use JSX unless the '--jsx' flag is provided.
src/app/more/admin-dashboard/page.tsx(3249,11): error TS17004: Cannot use JSX unless the '--jsx' flag is provided.
src/app/more/admin-dashboard/page.tsx(3250,13): error TS17004: Cannot use JSX unless the '--jsx' flag is provided.
src/app/more/admin-dashboard/page.tsx(3251,13): error TS17004: Cannot use JSX unless the '--jsx' flag is provided.
src/app/more/admin-dashboard/page.tsx(3253,11): error TS17004: Cannot use JSX unless the '--jsx' flag is provided.
src/app/more/admin-dashboard/page.tsx(3254,13): error TS17004: Cannot use JSX unless the '--jsx' flag is provided.
src/app/more/admin-dashboard/page.tsx(3255,13): error TS17004: Cannot use JSX unless the '--jsx' flag is provided.
src/app/more/admin-dashboard/page.tsx(3256,15): error TS17004: Cannot use JSX unless the '--jsx' flag is provided.
src/app/more/admin-dashboard/page.tsx(3257,15): error TS17004: Cannot use JSX unless the '--jsx' flag is provided.
src/app/more/admin-dashboard/page.tsx(3258,15): error TS17004: Cannot use JSX unless the '--jsx' flag is provided.
src/app/more/admin-dashboard/page.tsx(3261,11): error TS17004: Cannot use JSX unless the '--jsx' flag is provided.
src/app/more/admin-dashboard/page.tsx(3262,13): error TS17004: Cannot use JSX unless the '--jsx' flag is provided.
src/app/more/admin-dashboard/page.tsx(3263,13): error TS17004: Cannot use JSX unless the '--jsx' flag is provided.
src/app/more/admin-dashboard/page.tsx(3265,11): error TS17004: Cannot use JSX unless the '--jsx' flag is provided.
src/app/more/admin-dashboard/page.tsx(3269,7): error TS17004: Cannot use JSX unless the '--jsx' flag is provided.
src/app/more/admin-dashboard/page.tsx(3270,9): error TS17004: Cannot use JSX unless the '--jsx' flag is provided.
src/app/more/admin-dashboard/page.tsx(3271,9): error TS17004: Cannot use JSX unless the '--jsx' flag is provided.
src/app/more/admin-dashboard/page.tsx(3272,9): error TS17004: Cannot use JSX unless the '--jsx' flag is provided.
src/app/more/admin-dashboard/page.tsx(3273,11): error TS17004: Cannot use JSX unless the '--jsx' flag is provided.
src/app/more/admin-dashboard/page.tsx(3274,13): error TS17004: Cannot use JSX unless the '--jsx' flag is provided.
src/app/more/admin-dashboard/page.tsx(3276,15): error TS17004: Cannot use JSX unless the '--jsx' flag is provided.
src/app/more/admin-dashboard/page.tsx(3279,11): error TS17004: Cannot use JSX unless the '--jsx' flag is provided.
src/app/more/admin-dashboard/page.tsx(3283,7): error TS17004: Cannot use JSX unless the '--jsx' flag is provided.
src/app/more/admin-dashboard/page.tsx(3284,9): error TS17004: Cannot use JSX unless the '--jsx' flag is provided.
src/app/more/admin-dashboard/page.tsx(3285,9): error TS17004: Cannot use JSX unless the '--jsx' flag is provided.
src/app/more/admin-dashboard/page.tsx(3286,9): error TS17004: Cannot use JSX unless the '--jsx' flag is provided.
src/app/more/admin-dashboard/page.tsx(3287,9): error TS17004: Cannot use JSX unless the '--jsx' flag is provided.
src/app/more/admin-dashboard/page.tsx(3288,9): error TS17004: Cannot use JSX unless the '--jsx' flag is provided.
src/app/more/admin-dashboard/page.tsx(3291,7): error TS17004: Cannot use JSX unless the '--jsx' flag is provided.
src/app/more/admin-dashboard/page.tsx(3292,9): error TS17004: Cannot use JSX unless the '--jsx' flag is provided.
src/app/more/admin-dashboard/page.tsx(3293,9): error TS17004: Cannot use JSX unless the '--jsx' flag is provided.
src/app/more/admin-dashboard/page.tsx(3294,9): error TS17004: Cannot use JSX unless the '--jsx' flag is provided.
src/app/more/admin-dashboard/page.tsx(3295,11): error TS17004: Cannot use JSX unless the '--jsx' flag is provided.
src/app/more/admin-dashboard/page.tsx(3296,13): error TS17004: Cannot use JSX unless the '--jsx' flag is provided.
src/app/more/admin-dashboard/page.tsx(3297,32): error TS17004: Cannot use JSX unless the '--jsx' flag is provided.
src/app/more/admin-dashboard/page.tsx(3297,254): error TS17004: Cannot use JSX unless the '--jsx' flag is provided.
src/app/more/admin-dashboard/page.tsx(3298,13): error TS17004: Cannot use JSX unless the '--jsx' flag is provided.
src/app/more/admin-dashboard/page.tsx(3298,96): error TS17004: Cannot use JSX unless the '--jsx' flag is provided.
src/app/more/admin-dashboard/page.tsx(3300,11): error TS17004: Cannot use JSX unless the '--jsx' flag is provided.
src/app/more/admin-dashboard/page.tsx(3301,13): error TS17004: Cannot use JSX unless the '--jsx' flag is provided.
src/app/more/admin-dashboard/page.tsx(3302,35): error TS17004: Cannot use JSX unless the '--jsx' flag is provided.
src/app/more/admin-dashboard/page.tsx(3302,275): error TS17004: Cannot use JSX unless the '--jsx' flag is provided.
src/app/more/admin-dashboard/page.tsx(3303,13): error TS17004: Cannot use JSX unless the '--jsx' flag is provided.
src/app/more/admin-dashboard/page.tsx(3303,96): error TS17004: Cannot use JSX unless the '--jsx' flag is provided.
src/app/more/admin-dashboard/page.tsx(3305,11): error TS17004: Cannot use JSX unless the '--jsx' flag is provided.
src/app/more/admin-dashboard/page.tsx(3306,13): error TS17004: Cannot use JSX unless the '--jsx' flag is provided.
src/app/more/admin-dashboard/page.tsx(3307,40): error TS17004: Cannot use JSX unless the '--jsx' flag is provided.
src/app/more/admin-dashboard/page.tsx(3307,304): error TS17004: Cannot use JSX unless the '--jsx' flag is provided.
src/app/more/admin-dashboard/page.tsx(3308,13): error TS17004: Cannot use JSX unless the '--jsx' flag is provided.
src/app/more/admin-dashboard/page.tsx(3308,96): error TS17004: Cannot use JSX unless the '--jsx' flag is provided.
src/app/more/admin-dashboard/page.tsx(3313,15): error TS17004: Cannot use JSX unless the '--jsx' flag is provided.
src/app/more/admin-dashboard/page.tsx(3340,5): error TS17004: Cannot use JSX unless the '--jsx' flag is provided.
src/app/more/admin-dashboard/page.tsx(3341,7): error TS17004: Cannot use JSX unless the '--jsx' flag is provided.
src/app/more/admin-dashboard/page.tsx(3342,7): error TS17004: Cannot use JSX unless the '--jsx' flag is provided.
src/app/more/admin-dashboard/page.tsx(3343,9): error TS17004: Cannot use JSX unless the '--jsx' flag is provided.
src/app/more/admin-dashboard/page.tsx(3344,9): error TS17004: Cannot use JSX unless the '--jsx' flag is provided.
src/app/more/admin-dashboard/page.tsx(3345,9): error TS17004: Cannot use JSX unless the '--jsx' flag is provided.
src/app/more/admin-dashboard/page.tsx(3347,7): error TS17004: Cannot use JSX unless the '--jsx' flag is provided.
src/app/more/admin-dashboard/page.tsx(3348,28): error TS17004: Cannot use JSX unless the '--jsx' flag is provided.
src/app/more/admin-dashboard/page.tsx(3349,11): error TS17004: Cannot use JSX unless the '--jsx' flag is provided.
src/app/more/admin-dashboard/page.tsx(3353,17): error TS17004: Cannot use JSX unless the '--jsx' flag is provided.
src/app/more/admin-dashboard/page.tsx(3354,19): error TS17004: Cannot use JSX unless the '--jsx' flag is provided.
src/app/more/admin-dashboard/page.tsx(3355,21): error TS17004: Cannot use JSX unless the '--jsx' flag is provided.
src/app/more/admin-dashboard/page.tsx(3357,23): error TS17004: Cannot use JSX unless the '--jsx' flag is provided.
src/app/more/admin-dashboard/page.tsx(3360,19): error TS17004: Cannot use JSX unless the '--jsx' flag is provided.
src/app/more/admin-dashboard/page.tsx(3361,21): error TS17004: Cannot use JSX unless the '--jsx' flag is provided.
src/app/more/admin-dashboard/page.tsx(3362,30): error TS17004: Cannot use JSX unless the '--jsx' flag is provided.
src/app/more/admin-dashboard/page.tsx(3390,5): error TS17004: Cannot use JSX unless the '--jsx' flag is provided.
src/app/more/admin-dashboard/page.tsx(3391,7): error TS17004: Cannot use JSX unless the '--jsx' flag is provided.
src/app/more/admin-dashboard/page.tsx(3392,7): error TS17004: Cannot use JSX unless the '--jsx' flag is provided.
src/app/more/admin-dashboard/page.tsx(3393,7): error TS17004: Cannot use JSX unless the '--jsx' flag is provided.
src/app/more/admin-dashboard/page.tsx(3394,9): error TS17004: Cannot use JSX unless the '--jsx' flag is provided.
src/app/more/admin-dashboard/page.tsx(3395,20): error TS17004: Cannot use JSX unless the '--jsx' flag is provided.
src/app/more/admin-dashboard/page.tsx(3463,5): error TS17004: Cannot use JSX unless the '--jsx' flag is provided.
src/app/more/admin-dashboard/page.tsx(3464,7): error TS17004: Cannot use JSX unless the '--jsx' flag is provided.
src/app/more/admin-dashboard/page.tsx(3465,7): error TS17004: Cannot use JSX unless the '--jsx' flag is provided.
src/app/more/admin-dashboard/page.tsx(3466,7): error TS17004: Cannot use JSX unless the '--jsx' flag is provided.
src/app/more/admin-dashboard/page.tsx(3467,9): error TS17004: Cannot use JSX unless the '--jsx' flag is provided.
src/app/more/admin-dashboard/page.tsx(3468,9): error TS17004: Cannot use JSX unless the '--jsx' flag is provided.
src/app/more/admin-dashboard/page.tsx(3470,7): error TS17004: Cannot use JSX unless the '--jsx' flag is provided.
src/app/more/admin-dashboard/page.tsx(3476,7): error TS17004: Cannot use JSX unless the '--jsx' flag is provided.
src/app/more/admin-dashboard/page.tsx(3483,7): error TS17004: Cannot use JSX unless the '--jsx' flag is provided.
src/app/more/admin-dashboard/page.tsx(3489,7): error TS17004: Cannot use JSX unless the '--jsx' flag is provided.
src/app/more/admin-dashboard/page.tsx(3490,9): error TS17004: Cannot use JSX unless the '--jsx' flag is provided.
src/app/more/admin-dashboard/page.tsx(3491,11): error TS17004: Cannot use JSX unless the '--jsx' flag is provided.
src/app/more/admin-dashboard/page.tsx(3492,11): error TS17004: Cannot use JSX unless the '--jsx' flag is provided.
src/app/more/admin-dashboard/page.tsx(3494,9): error TS17004: Cannot use JSX unless the '--jsx' flag is provided.
src/app/more/admin-dashboard/page.tsx(3496,18): error TS17004: Cannot use JSX unless the '--jsx' flag is provided.
src/app/more/admin-dashboard/page.tsx(3542,5): error TS17004: Cannot use JSX unless the '--jsx' flag is provided.
src/app/more/admin-dashboard/page.tsx(3543,7): error TS17004: Cannot use JSX unless the '--jsx' flag is provided.
src/app/more/admin-dashboard/page.tsx(3544,7): error TS17004: Cannot use JSX unless the '--jsx' flag is provided.
src/app/more/admin-dashboard/page.tsx(3545,7): error TS17004: Cannot use JSX unless the '--jsx' flag is provided.
src/app/more/admin-dashboard/page.tsx(3551,7): error TS17004: Cannot use JSX unless the '--jsx' flag is provided.
src/app/more/admin-dashboard/page.tsx(3558,7): error TS17004: Cannot use JSX unless the '--jsx' flag is provided.
src/app/more/admin-dashboard/page.tsx(3559,9): error TS17004: Cannot use JSX unless the '--jsx' flag is provided.
src/app/more/admin-dashboard/page.tsx(3562,20): error TS17004: Cannot use JSX unless the '--jsx' flag is provided.
src/app/more/admin-dashboard/page.tsx(3603,5): error TS17004: Cannot use JSX unless the '--jsx' flag is provided.
src/app/more/admin-dashboard/page.tsx(3604,7): error TS17004: Cannot use JSX unless the '--jsx' flag is provided.
src/app/more/admin-dashboard/page.tsx(3605,7): error TS17004: Cannot use JSX unless the '--jsx' flag is provided.
src/app/more/admin-dashboard/page.tsx(3606,7): error TS17004: Cannot use JSX unless the '--jsx' flag is provided.
src/app/more/admin-dashboard/page.tsx(3607,9): error TS17004: Cannot use JSX unless the '--jsx' flag is provided.
src/app/more/admin-dashboard/page.tsx(3608,20): error TS17004: Cannot use JSX unless the '--jsx' flag is provided.
src/app/more/admin-dashboard/page.tsx(3669,5): error TS17004: Cannot use JSX unless the '--jsx' flag is provided.
src/app/more/admin-dashboard/page.tsx(3670,7): error TS17004: Cannot use JSX unless the '--jsx' flag is provided.
src/app/more/admin-dashboard/page.tsx(3671,9): error TS17004: Cannot use JSX unless the '--jsx' flag is provided.
src/app/more/admin-dashboard/page.tsx(3672,11): error TS17004: Cannot use JSX unless the '--jsx' flag is provided.
src/app/more/admin-dashboard/page.tsx(3673,13): error TS17004: Cannot use JSX unless the '--jsx' flag is provided.
src/app/more/admin-dashboard/page.tsx(3674,13): error TS17004: Cannot use JSX unless the '--jsx' flag is provided.
src/app/more/admin-dashboard/page.tsx(3676,11): error TS17004: Cannot use JSX unless the '--jsx' flag is provided.
src/app/more/admin-dashboard/page.tsx(3677,13): error TS17004: Cannot use JSX unless the '--jsx' flag is provided.
src/app/more/admin-dashboard/page.tsx(3678,15): error TS17004: Cannot use JSX unless the '--jsx' flag is provided.
src/app/more/admin-dashboard/page.tsx(3679,17): error TS17004: Cannot use JSX unless the '--jsx' flag is provided.
src/app/more/admin-dashboard/page.tsx(3681,15): error TS17004: Cannot use JSX unless the '--jsx' flag is provided.
src/app/more/admin-dashboard/page.tsx(3685,9): error TS17004: Cannot use JSX unless the '--jsx' flag is provided.
src/app/more/admin-dashboard/page.tsx(3686,11): error TS17004: Cannot use JSX unless the '--jsx' flag is provided.
src/app/more/admin-dashboard/page.tsx(3687,13): error TS17004: Cannot use JSX unless the '--jsx' flag is provided.
src/app/more/admin-dashboard/page.tsx(3688,13): error TS17004: Cannot use JSX unless the '--jsx' flag is provided.
src/app/more/admin-dashboard/page.tsx(3690,11): error TS17004: Cannot use JSX unless the '--jsx' flag is provided.
src/app/more/admin-dashboard/page.tsx(3691,13): error TS17004: Cannot use JSX unless the '--jsx' flag is provided.
src/app/more/admin-dashboard/page.tsx(3692,13): error TS17004: Cannot use JSX unless the '--jsx' flag is provided.
src/app/more/admin-dashboard/page.tsx(3695,9): error TS17004: Cannot use JSX unless the '--jsx' flag is provided.
src/app/more/admin-dashboard/page.tsx(3696,11): error TS17004: Cannot use JSX unless the '--jsx' flag is provided.
src/app/more/admin-dashboard/page.tsx(3697,11): error TS17004: Cannot use JSX unless the '--jsx' flag is provided.
src/app/more/admin-dashboard/page.tsx(3698,13): error TS17004: Cannot use JSX unless the '--jsx' flag is provided.
src/app/more/admin-dashboard/page.tsx(3699,15): error TS17004: Cannot use JSX unless the '--jsx' flag is provided.
src/app/more/admin-dashboard/page.tsx(3700,15): error TS17004: Cannot use JSX unless the '--jsx' flag is provided.
src/app/more/admin-dashboard/page.tsx(3702,13): error TS17004: Cannot use JSX unless the '--jsx' flag is provided.
src/app/more/admin-dashboard/page.tsx(3703,15): error TS17004: Cannot use JSX unless the '--jsx' flag is provided.
src/app/more/admin-dashboard/page.tsx(3704,15): error TS17004: Cannot use JSX unless the '--jsx' flag is provided.
src/app/more/admin-dashboard/page.tsx(3706,13): error TS17004: Cannot use JSX unless the '--jsx' flag is provided.
src/app/more/admin-dashboard/page.tsx(3707,15): error TS17004: Cannot use JSX unless the '--jsx' flag is provided.
src/app/more/admin-dashboard/page.tsx(3708,15): error TS17004: Cannot use JSX unless the '--jsx' flag is provided.
src/app/more/admin-dashboard/page.tsx(3712,9): error TS17004: Cannot use JSX unless the '--jsx' flag is provided.
src/app/more/admin-dashboard/page.tsx(3713,11): error TS17004: Cannot use JSX unless the '--jsx' flag is provided.
src/app/more/admin-dashboard/page.tsx(3714,11): error TS17004: Cannot use JSX unless the '--jsx' flag is provided.
src/app/more/admin-dashboard/page.tsx(3715,13): error TS17004: Cannot use JSX unless the '--jsx' flag is provided.
src/app/more/admin-dashboard/page.tsx(3715,57): error TS17004: Cannot use JSX unless the '--jsx' flag is provided.
src/app/more/admin-dashboard/page.tsx(3716,13): error TS17004: Cannot use JSX unless the '--jsx' flag is provided.
src/app/more/admin-dashboard/page.tsx(3716,57): error TS17004: Cannot use JSX unless the '--jsx' flag is provided.
src/app/more/admin-dashboard/page.tsx(3717,13): error TS17004: Cannot use JSX unless the '--jsx' flag is provided.
src/app/more/admin-dashboard/page.tsx(3717,57): error TS17004: Cannot use JSX unless the '--jsx' flag is provided.
src/app/more/admin-dashboard/page.tsx(3718,13): error TS17004: Cannot use JSX unless the '--jsx' flag is provided.
src/app/more/admin-dashboard/page.tsx(3718,57): error TS17004: Cannot use JSX unless the '--jsx' flag is provided.
src/app/more/admin-dashboard/page.tsx(3719,13): error TS17004: Cannot use JSX unless the '--jsx' flag is provided.
src/app/more/admin-dashboard/page.tsx(3719,57): error TS17004: Cannot use JSX unless the '--jsx' flag is provided.
src/app/more/admin-dashboard/page.tsx(3720,13): error TS17004: Cannot use JSX unless the '--jsx' flag is provided.
src/app/more/admin-dashboard/page.tsx(3720,57): error TS17004: Cannot use JSX unless the '--jsx' flag is provided.
src/app/more/admin-dashboard/page.tsx(3723,9): error TS17004: Cannot use JSX unless the '--jsx' flag is provided.
src/app/more/admin-dashboard/page.tsx(3724,11): error TS17004: Cannot use JSX unless the '--jsx' flag is provided.
src/app/more/admin-dashboard/page.tsx(3725,11): error TS17004: Cannot use JSX unless the '--jsx' flag is provided.
src/app/more/admin-dashboard/page.tsx(3726,21): error TS17004: Cannot use JSX unless the '--jsx' flag is provided.
src/app/more/admin-dashboard/page.tsx(3729,11): error TS17004: Cannot use JSX unless the '--jsx' flag is provided.
src/app/more/admin-dashboard/page.tsx(3730,13): error TS17004: Cannot use JSX unless the '--jsx' flag is provided.
src/app/more/admin-dashboard/page.tsx(3731,15): error TS17004: Cannot use JSX unless the '--jsx' flag is provided.
src/app/more/admin-dashboard/page.tsx(3732,15): error TS17004: Cannot use JSX unless the '--jsx' flag is provided.
src/app/more/admin-dashboard/page.tsx(3734,13): error TS17004: Cannot use JSX unless the '--jsx' flag is provided.
src/app/more/admin-dashboard/page.tsx(3735,15): error TS17004: Cannot use JSX unless the '--jsx' flag is provided.
src/app/more/admin-dashboard/page.tsx(3736,15): error TS17004: Cannot use JSX unless the '--jsx' flag is provided.
src/app/more/admin-dashboard/page.tsx(3737,17): error TS17004: Cannot use JSX unless the '--jsx' flag is provided.
src/app/more/admin-dashboard/page.tsx(3737,40): error TS17004: Cannot use JSX unless the '--jsx' flag is provided.
src/app/more/admin-dashboard/page.tsx(3737,64): error TS17004: Cannot use JSX unless the '--jsx' flag is provided.
src/app/more/admin-dashboard/page.tsx(3737,87): error TS17004: Cannot use JSX unless the '--jsx' flag is provided.
src/app/more/admin-dashboard/page.tsx(3737,111): error TS17004: Cannot use JSX unless the '--jsx' flag is provided.
src/app/more/admin-dashboard/page.tsx(3740,13): error TS17004: Cannot use JSX unless the '--jsx' flag is provided.
src/app/more/admin-dashboard/page.tsx(3741,15): error TS17004: Cannot use JSX unless the '--jsx' flag is provided.
src/app/more/admin-dashboard/page.tsx(3742,15): error TS17004: Cannot use JSX unless the '--jsx' flag is provided.
src/app/more/admin-dashboard/page.tsx(3743,17): error TS17004: Cannot use JSX unless the '--jsx' flag is provided.
src/app/more/admin-dashboard/page.tsx(3743,51): error TS17004: Cannot use JSX unless the '--jsx' flag is provided.
src/app/more/admin-dashboard/page.tsx(3743,87): error TS17004: Cannot use JSX unless the '--jsx' flag is provided.
src/app/more/admin-dashboard/page.tsx(3743,135): error TS17004: Cannot use JSX unless the '--jsx' flag is provided.
src/app/more/admin-dashboard/page.tsx(3744,17): error TS17004: Cannot use JSX unless the '--jsx' flag is provided.
src/app/more/admin-dashboard/page.tsx(3744,65): error TS17004: Cannot use JSX unless the '--jsx' flag is provided.
src/app/more/admin-dashboard/page.tsx(3744,105): error TS17004: Cannot use JSX unless the '--jsx' flag is provided.
src/app/more/admin-dashboard/page.tsx(3745,17): error TS17004: Cannot use JSX unless the '--jsx' flag is provided.
src/app/more/admin-dashboard/page.tsx(3745,62): error TS17004: Cannot use JSX unless the '--jsx' flag is provided.
src/app/more/admin-dashboard/page.tsx(3745,98): error TS17004: Cannot use JSX unless the '--jsx' flag is provided.
src/app/more/admin-dashboard/page.tsx(3748,13): error TS17004: Cannot use JSX unless the '--jsx' flag is provided.
src/app/more/admin-dashboard/page.tsx(3752,7): error TS17004: Cannot use JSX unless the '--jsx' flag is provided.
src/app/more/admin-dashboard/page.tsx(3756,13): error TS17004: Cannot use JSX unless the '--jsx' flag is provided.
src/app/more/admin-dashboard/page.tsx(3757,15): error TS17004: Cannot use JSX unless the '--jsx' flag is provided.
src/app/more/admin-dashboard/page.tsx(3758,17): error TS17004: Cannot use JSX unless the '--jsx' flag is provided.
src/app/more/admin-dashboard/page.tsx(3759,19): error TS17004: Cannot use JSX unless the '--jsx' flag is provided.
src/app/more/admin-dashboard/page.tsx(3760,21): error TS17004: Cannot use JSX unless the '--jsx' flag is provided.
src/app/more/admin-dashboard/page.tsx(3761,21): error TS17004: Cannot use JSX unless the '--jsx' flag is provided.
src/app/more/admin-dashboard/page.tsx(3763,19): error TS17004: Cannot use JSX unless the '--jsx' flag is provided.
src/app/more/admin-dashboard/page.tsx(3764,21): error TS17004: Cannot use JSX unless the '--jsx' flag is provided.
src/app/more/admin-dashboard/page.tsx(3765,21): error TS17004: Cannot use JSX unless the '--jsx' flag is provided.
src/app/more/admin-dashboard/page.tsx(3769,15): error TS17004: Cannot use JSX unless the '--jsx' flag is provided.
src/app/more/admin-dashboard/page.tsx(3770,17): error TS17004: Cannot use JSX unless the '--jsx' flag is provided.
src/app/more/admin-dashboard/page.tsx(3776,17): error TS17004: Cannot use JSX unless the '--jsx' flag is provided.
src/app/more/admin-dashboard/page.tsx(3777,19): error TS17004: Cannot use JSX unless the '--jsx' flag is provided.
src/app/more/admin-dashboard/page.tsx(3778,21): error TS17004: Cannot use JSX unless the '--jsx' flag is provided.
src/app/more/admin-dashboard/page.tsx(3779,23): error TS17004: Cannot use JSX unless the '--jsx' flag is provided.
src/app/more/admin-dashboard/page.tsx(3781,21): error TS17004: Cannot use JSX unless the '--jsx' flag is provided.
src/app/more/admin-dashboard/page.tsx(3783,19): error TS17004: Cannot use JSX unless the '--jsx' flag is provided.
src/app/more/admin-dashboard/page.tsx(3785,23): error TS17004: Cannot use JSX unless the '--jsx' flag is provided.
src/app/more/admin-dashboard/page.tsx(3803,21): error TS17004: Cannot use JSX unless the '--jsx' flag is provided.
src/app/more/admin-dashboard/page.tsx(3803,47): error TS17004: Cannot use JSX unless the '--jsx' flag is provided.
src/app/more/admin-dashboard/page.tsx(3805,5): error TS17004: Cannot use JSX unless the '--jsx' flag is provided.
src/app/more/admin-dashboard/page.tsx(3806,7): error TS17004: Cannot use JSX unless the '--jsx' flag is provided.
src/app/more/admin-dashboard/page.tsx(3807,7): error TS17004: Cannot use JSX unless the '--jsx' flag is provided.
src/app/more/admin-dashboard/page.tsx(3808,9): error TS17004: Cannot use JSX unless the '--jsx' flag is provided.
src/app/more/admin-dashboard/page.tsx(3808,62): error TS17004: Cannot use JSX unless the '--jsx' flag is provided.
src/app/more/admin-dashboard/page.tsx(3808,127): error TS17004: Cannot use JSX unless the '--jsx' flag is provided.
src/app/more/admin-dashboard/page.tsx(3809,9): error TS17004: Cannot use JSX unless the '--jsx' flag is provided.
src/app/more/admin-dashboard/page.tsx(3809,62): error TS17004: Cannot use JSX unless the '--jsx' flag is provided.
src/app/more/admin-dashboard/page.tsx(3809,122): error TS17004: Cannot use JSX unless the '--jsx' flag is provided.
src/app/more/admin-dashboard/page.tsx(3810,9): error TS17004: Cannot use JSX unless the '--jsx' flag is provided.
src/app/more/admin-dashboard/page.tsx(3810,62): error TS17004: Cannot use JSX unless the '--jsx' flag is provided.
src/app/more/admin-dashboard/page.tsx(3810,121): error TS17004: Cannot use JSX unless the '--jsx' flag is provided.
src/app/more/admin-dashboard/page.tsx(3811,9): error TS17004: Cannot use JSX unless the '--jsx' flag is provided.
src/app/more/admin-dashboard/page.tsx(3811,62): error TS17004: Cannot use JSX unless the '--jsx' flag is provided.
src/app/more/admin-dashboard/page.tsx(3811,122): error TS17004: Cannot use JSX unless the '--jsx' flag is provided.
src/app/more/admin-dashboard/page.tsx(3814,9): error TS17004: Cannot use JSX unless the '--jsx' flag is provided.
src/app/more/admin-dashboard/page.tsx(3815,11): error TS17004: Cannot use JSX unless the '--jsx' flag is provided.
src/app/more/admin-dashboard/page.tsx(3816,11): error TS17004: Cannot use JSX unless the '--jsx' flag is provided.
src/app/more/admin-dashboard/page.tsx(3818,15): error TS17004: Cannot use JSX unless the '--jsx' flag is provided.
src/app/more/admin-dashboard/page.tsx(3819,17): error TS17004: Cannot use JSX unless the '--jsx' flag is provided.
src/app/more/admin-dashboard/page.tsx(3820,17): error TS17004: Cannot use JSX unless the '--jsx' flag is provided.
src/app/more/admin-dashboard/page.tsx(3821,19): error TS17004: Cannot use JSX unless the '--jsx' flag is provided.
src/app/more/admin-dashboard/page.tsx(3822,19): error TS17004: Cannot use JSX unless the '--jsx' flag is provided.
src/app/more/admin-dashboard/page.tsx(3823,19): error TS17004: Cannot use JSX unless the '--jsx' flag is provided.
src/app/more/admin-dashboard/page.tsx(3861,5): error TS17004: Cannot use JSX unless the '--jsx' flag is provided.
src/app/more/admin-dashboard/page.tsx(3863,9): error TS17004: Cannot use JSX unless the '--jsx' flag is provided.
src/app/more/admin-dashboard/page.tsx(3864,11): error TS17004: Cannot use JSX unless the '--jsx' flag is provided.
src/app/more/admin-dashboard/page.tsx(3865,11): error TS17004: Cannot use JSX unless the '--jsx' flag is provided.
src/app/more/admin-dashboard/page.tsx(3866,13): error TS17004: Cannot use JSX unless the '--jsx' flag is provided.
src/app/more/admin-dashboard/page.tsx(3866,66): error TS17004: Cannot use JSX unless the '--jsx' flag is provided.
src/app/more/admin-dashboard/page.tsx(3866,130): error TS17004: Cannot use JSX unless the '--jsx' flag is provided.
src/app/more/admin-dashboard/page.tsx(3867,13): error TS17004: Cannot use JSX unless the '--jsx' flag is provided.
src/app/more/admin-dashboard/page.tsx(3867,66): error TS17004: Cannot use JSX unless the '--jsx' flag is provided.
src/app/more/admin-dashboard/page.tsx(3867,131): error TS17004: Cannot use JSX unless the '--jsx' flag is provided.
src/app/more/admin-dashboard/page.tsx(3868,13): error TS17004: Cannot use JSX unless the '--jsx' flag is provided.
src/app/more/admin-dashboard/page.tsx(3868,66): error TS17004: Cannot use JSX unless the '--jsx' flag is provided.
src/app/more/admin-dashboard/page.tsx(3868,131): error TS17004: Cannot use JSX unless the '--jsx' flag is provided.
src/app/more/admin-dashboard/page.tsx(3869,13): error TS17004: Cannot use JSX unless the '--jsx' flag is provided.
src/app/more/admin-dashboard/page.tsx(3869,66): error TS17004: Cannot use JSX unless the '--jsx' flag is provided.
src/app/more/admin-dashboard/page.tsx(3869,130): error TS17004: Cannot use JSX unless the '--jsx' flag is provided.
src/app/more/admin-dashboard/page.tsx(3872,13): error TS17004: Cannot use JSX unless the '--jsx' flag is provided.
src/app/more/admin-dashboard/page.tsx(3874,17): error TS17004: Cannot use JSX unless the '--jsx' flag is provided.
src/app/more/admin-dashboard/page.tsx(3875,19): error TS17004: Cannot use JSX unless the '--jsx' flag is provided.
src/app/more/admin-dashboard/page.tsx(3876,19): error TS17004: Cannot use JSX unless the '--jsx' flag is provided.
src/app/more/admin-dashboard/page.tsx(3876,74): error TS17004: Cannot use JSX unless the '--jsx' flag is provided.
src/app/more/admin-dashboard/page.tsx(3876,121): error TS17004: Cannot use JSX unless the '--jsx' flag is provided.
src/app/more/admin-dashboard/page.tsx(3883,7): error TS17004: Cannot use JSX unless the '--jsx' flag is provided.
src/app/more/admin-dashboard/page.tsx(3884,9): error TS17004: Cannot use JSX unless the '--jsx' flag is provided.
src/app/more/admin-dashboard/page.tsx(3885,9): error TS17004: Cannot use JSX unless the '--jsx' flag is provided.
src/app/more/admin-dashboard/page.tsx(3886,11): error TS17004: Cannot use JSX unless the '--jsx' flag is provided.
src/app/more/admin-dashboard/page.tsx(3887,11): error TS17004: Cannot use JSX unless the '--jsx' flag is provided.
src/app/more/admin-dashboard/page.tsx(3888,11): error TS17004: Cannot use JSX unless the '--jsx' flag is provided.
src/app/more/admin-dashboard/page.tsx(3889,11): error TS17004: Cannot use JSX unless the '--jsx' flag is provided.
src/app/more/admin-dashboard/page.tsx(3890,11): error TS17004: Cannot use JSX unless the '--jsx' flag is provided.
src/app/more/admin-dashboard/page.tsx(3891,11): error TS17004: Cannot use JSX unless the '--jsx' flag is provided.
src/app/more/admin-dashboard/page.tsx(3893,9): error TS17004: Cannot use JSX unless the '--jsx' flag is provided.
src/app/more/admin-dashboard/page.tsx(3895,7): error TS17004: Cannot use JSX unless the '--jsx' flag is provided.
src/app/more/admin-dashboard/page.tsx(3896,9): error TS17004: Cannot use JSX unless the '--jsx' flag is provided.
src/app/more/admin-dashboard/page.tsx(3898,11): error TS17004: Cannot use JSX unless the '--jsx' flag is provided.
src/app/more/admin-dashboard/page.tsx(3900,11): error TS17004: Cannot use JSX unless the '--jsx' flag is provided.
src/app/more/admin-dashboard/page.tsx(3902,15): error TS17004: Cannot use JSX unless the '--jsx' flag is provided.
src/app/more/admin-dashboard/page.tsx(3903,17): error TS17004: Cannot use JSX unless the '--jsx' flag is provided.
src/app/more/admin-dashboard/page.tsx(3904,19): error TS17004: Cannot use JSX unless the '--jsx' flag is provided.
src/app/more/admin-dashboard/page.tsx(3905,19): error TS17004: Cannot use JSX unless the '--jsx' flag is provided.
src/app/more/admin-dashboard/page.tsx(3907,17): error TS17004: Cannot use JSX unless the '--jsx' flag is provided.
src/app/more/admin-dashboard/page.tsx(3908,19): error TS17004: Cannot use JSX unless the '--jsx' flag is provided.
src/app/more/admin-dashboard/page.tsx(3909,19): error TS17004: Cannot use JSX unless the '--jsx' flag is provided.
src/app/more/admin-dashboard/page.tsx(3950,5): error TS17004: Cannot use JSX unless the '--jsx' flag is provided.
src/app/more/admin-dashboard/page.tsx(4009,5): error TS17004: Cannot use JSX unless the '--jsx' flag is provided.
src/app/more/admin-dashboard/page.tsx(4010,7): error TS17004: Cannot use JSX unless the '--jsx' flag is provided.
src/app/more/admin-dashboard/page.tsx(4011,9): error TS17004: Cannot use JSX unless the '--jsx' flag is provided.
src/app/more/admin-dashboard/page.tsx(4012,9): error TS17004: Cannot use JSX unless the '--jsx' flag is provided.
src/app/more/admin-dashboard/page.tsx(4013,9): error TS17004: Cannot use JSX unless the '--jsx' flag is provided.
src/app/more/admin-dashboard/page.tsx(4014,11): error TS17004: Cannot use JSX unless the '--jsx' flag is provided.
src/app/more/admin-dashboard/page.tsx(4015,13): error TS17004: Cannot use JSX unless the '--jsx' flag is provided.
src/app/more/admin-dashboard/page.tsx(4016,13): error TS17004: Cannot use JSX unless the '--jsx' flag is provided.
src/app/more/admin-dashboard/page.tsx(4018,11): error TS17004: Cannot use JSX unless the '--jsx' flag is provided.
src/app/more/admin-dashboard/page.tsx(4019,13): error TS17004: Cannot use JSX unless the '--jsx' flag is provided.
src/app/more/admin-dashboard/page.tsx(4020,13): error TS17004: Cannot use JSX unless the '--jsx' flag is provided.
src/app/more/admin-dashboard/page.tsx(4022,11): error TS17004: Cannot use JSX unless the '--jsx' flag is provided.
src/app/more/admin-dashboard/page.tsx(4023,13): error TS17004: Cannot use JSX unless the '--jsx' flag is provided.
src/app/more/admin-dashboard/page.tsx(4024,13): error TS17004: Cannot use JSX unless the '--jsx' flag is provided.
src/app/more/admin-dashboard/page.tsx(4026,21): error TS17004: Cannot use JSX unless the '--jsx' flag is provided.
src/app/more/admin-dashboard/page.tsx(4027,11): error TS17004: Cannot use JSX unless the '--jsx' flag is provided.
src/app/more/admin-dashboard/page.tsx(4030,7): error TS17004: Cannot use JSX unless the '--jsx' flag is provided.
src/app/more/admin-dashboard/page.tsx(4031,9): error TS17004: Cannot use JSX unless the '--jsx' flag is provided.
src/app/more/admin-dashboard/page.tsx(4032,20): error TS17004: Cannot use JSX unless the '--jsx' flag is provided.
src/app/more/admin-dashboard/page.tsx(4033,11): error TS17004: Cannot use JSX unless the '--jsx' flag is provided.
src/app/more/admin-dashboard/page.tsx(4035,15): error TS17004: Cannot use JSX unless the '--jsx' flag is provided.
src/app/more/admin-dashboard/page.tsx(4036,17): error TS17004: Cannot use JSX unless the '--jsx' flag is provided.
src/app/more/admin-dashboard/page.tsx(4037,19): error TS17004: Cannot use JSX unless the '--jsx' flag is provided.
src/app/more/admin-dashboard/page.tsx(4038,19): error TS17004: Cannot use JSX unless the '--jsx' flag is provided.
src/app/more/admin-dashboard/page.tsx(4042,17): error TS17004: Cannot use JSX unless the '--jsx' flag is provided.
src/app/more/admin-dashboard/page.tsx(4047,39): error TS17004: Cannot use JSX unless the '--jsx' flag is provided.
src/app/more/admin-dashboard/page.tsx(4093,5): error TS17004: Cannot use JSX unless the '--jsx' flag is provided.
src/app/more/admin-dashboard/page.tsx(4094,7): error TS17004: Cannot use JSX unless the '--jsx' flag is provided.
src/app/more/admin-dashboard/page.tsx(4095,9): error TS17004: Cannot use JSX unless the '--jsx' flag is provided.
src/app/more/admin-dashboard/page.tsx(4096,11): error TS17004: Cannot use JSX unless the '--jsx' flag is provided.
src/app/more/admin-dashboard/page.tsx(4098,9): error TS17004: Cannot use JSX unless the '--jsx' flag is provided.
src/app/more/admin-dashboard/page.tsx(4099,11): error TS17004: Cannot use JSX unless the '--jsx' flag is provided.
src/app/more/admin-dashboard/page.tsx(4102,7): error TS17004: Cannot use JSX unless the '--jsx' flag is provided.
src/app/more/admin-dashboard/page.tsx(4105,9): error TS17004: Cannot use JSX unless the '--jsx' flag is provided.
src/app/more/admin-dashboard/page.tsx(4107,9): error TS17004: Cannot use JSX unless the '--jsx' flag is provided.
src/app/more/admin-dashboard/page.tsx(4109,9): error TS17004: Cannot use JSX unless the '--jsx' flag is provided.
src/app/more/admin-dashboard/page.tsx(4110,11): error TS17004: Cannot use JSX unless the '--jsx' flag is provided.
src/app/more/admin-dashboard/page.tsx(4111,13): error TS17004: Cannot use JSX unless the '--jsx' flag is provided.
src/app/more/admin-dashboard/page.tsx(4112,15): error TS17004: Cannot use JSX unless the '--jsx' flag is provided.
src/app/more/admin-dashboard/page.tsx(4113,17): error TS17004: Cannot use JSX unless the '--jsx' flag is provided.
src/app/more/admin-dashboard/page.tsx(4114,17): error TS17004: Cannot use JSX unless the '--jsx' flag is provided.
src/app/more/admin-dashboard/page.tsx(4115,17): error TS17004: Cannot use JSX unless the '--jsx' flag is provided.
src/app/more/admin-dashboard/page.tsx(4116,17): error TS17004: Cannot use JSX unless the '--jsx' flag is provided.
src/app/more/admin-dashboard/page.tsx(4117,17): error TS17004: Cannot use JSX unless the '--jsx' flag is provided.
src/app/more/admin-dashboard/page.tsx(4120,13): error TS17004: Cannot use JSX unless the '--jsx' flag is provided.
src/app/more/admin-dashboard/page.tsx(4122,17): error TS17004: Cannot use JSX unless the '--jsx' flag is provided.
src/app/more/admin-dashboard/page.tsx(4123,19): error TS17004: Cannot use JSX unless the '--jsx' flag is provided.
src/app/more/admin-dashboard/page.tsx(4125,23): error TS17004: Cannot use JSX unless the '--jsx' flag is provided.
src/app/more/admin-dashboard/page.tsx(4129,23): error TS17004: Cannot use JSX unless the '--jsx' flag is provided.
src/app/more/admin-dashboard/page.tsx(4134,19): error TS17004: Cannot use JSX unless the '--jsx' flag is provided.
src/app/more/admin-dashboard/page.tsx(4135,21): error TS17004: Cannot use JSX unless the '--jsx' flag is provided.
src/app/more/admin-dashboard/page.tsx(4137,19): error TS17004: Cannot use JSX unless the '--jsx' flag is provided.
src/app/more/admin-dashboard/page.tsx(4138,21): error TS17004: Cannot use JSX unless the '--jsx' flag is provided.
src/app/more/admin-dashboard/page.tsx(4139,23): error TS17004: Cannot use JSX unless the '--jsx' flag is provided.
src/app/more/admin-dashboard/page.tsx(4140,23): error TS17004: Cannot use JSX unless the '--jsx' flag is provided.
src/app/more/admin-dashboard/page.tsx(4142,21): error TS17004: Cannot use JSX unless the '--jsx' flag is provided.
src/app/more/admin-dashboard/page.tsx(4144,19): error TS17004: Cannot use JSX unless the '--jsx' flag is provided.
src/app/more/admin-dashboard/page.tsx(4145,19): error TS17004: Cannot use JSX unless the '--jsx' flag is provided.
src/app/more/admin-dashboard/page.tsx(4154,9): error TS17004: Cannot use JSX unless the '--jsx' flag is provided.
src/app/more/admin-dashboard/page.tsx(4155,11): error TS17004: Cannot use JSX unless the '--jsx' flag is provided.
src/app/more/admin-dashboard/page.tsx(4156,13): error TS17004: Cannot use JSX unless the '--jsx' flag is provided.
src/app/more/admin-dashboard/page.tsx(4159,11): error TS17004: Cannot use JSX unless the '--jsx' flag is provided.
src/app/more/admin-dashboard/page.tsx(4160,13): error TS17004: Cannot use JSX unless the '--jsx' flag is provided.
src/app/more/admin-dashboard/page.tsx(4163,11): error TS17004: Cannot use JSX unless the '--jsx' flag is provided.
src/app/more/admin-dashboard/page.tsx(4164,13): error TS17004: Cannot use JSX unless the '--jsx' flag is provided.
src/app/more/admin-dashboard/page.tsx(4200,5): error TS17004: Cannot use JSX unless the '--jsx' flag is provided.
src/app/more/admin-dashboard/page.tsx(4201,7): error TS17004: Cannot use JSX unless the '--jsx' flag is provided.
src/app/more/admin-dashboard/page.tsx(4202,9): error TS17004: Cannot use JSX unless the '--jsx' flag is provided.
src/app/more/admin-dashboard/page.tsx(4203,11): error TS17004: Cannot use JSX unless the '--jsx' flag is provided.
src/app/more/admin-dashboard/page.tsx(4204,11): error TS17004: Cannot use JSX unless the '--jsx' flag is provided.
src/app/more/admin-dashboard/page.tsx(4206,9): error TS17004: Cannot use JSX unless the '--jsx' flag is provided.
src/app/more/admin-dashboard/page.tsx(4208,7): error TS17004: Cannot use JSX unless the '--jsx' flag is provided.
src/app/more/admin-dashboard/page.tsx(4209,9): error TS17004: Cannot use JSX unless the '--jsx' flag is provided.
src/app/more/admin-dashboard/page.tsx(4217,11): error TS17004: Cannot use JSX unless the '--jsx' flag is provided.
src/app/more/admin-dashboard/page.tsx(4221,9): error TS17004: Cannot use JSX unless the '--jsx' flag is provided.
src/app/more/admin-dashboard/page.tsx(4223,9): error TS17004: Cannot use JSX unless the '--jsx' flag is provided.
src/app/more/admin-dashboard/page.tsx(4225,13): error TS17004: Cannot use JSX unless the '--jsx' flag is provided.
src/app/more/admin-dashboard/page.tsx(4226,15): error TS17004: Cannot use JSX unless the '--jsx' flag is provided.
src/app/more/admin-dashboard/page.tsx(4227,17): error TS17004: Cannot use JSX unless the '--jsx' flag is provided.
src/app/more/admin-dashboard/page.tsx(4228,19): error TS17004: Cannot use JSX unless the '--jsx' flag is provided.
src/app/more/admin-dashboard/page.tsx(4229,19): error TS17004: Cannot use JSX unless the '--jsx' flag is provided.
src/app/more/admin-dashboard/page.tsx(4230,19): error TS17004: Cannot use JSX unless the '--jsx' flag is provided.
src/app/more/admin-dashboard/page.tsx(4232,21): error TS17004: Cannot use JSX unless the '--jsx' flag is provided.
src/app/more/admin-dashboard/page.tsx(4240,40): error TS17004: Cannot use JSX unless the '--jsx' flag is provided.
src/app/more/admin-dashboard/page.tsx(4270,5): error TS17004: Cannot use JSX unless the '--jsx' flag is provided.
src/app/more/admin-dashboard/page.tsx(4271,7): error TS17004: Cannot use JSX unless the '--jsx' flag is provided.
src/app/more/admin-dashboard/page.tsx(4272,7): error TS17004: Cannot use JSX unless the '--jsx' flag is provided.
src/app/more/admin-dashboard/page.tsx(4273,7): error TS17004: Cannot use JSX unless the '--jsx' flag is provided.
src/app/more/admin-dashboard/page.tsx(4274,9): error TS17004: Cannot use JSX unless the '--jsx' flag is provided.
src/app/more/admin-dashboard/page.tsx(4276,18): error TS17004: Cannot use JSX unless the '--jsx' flag is provided.
src/app/more/admin-dashboard/page.tsx(4277,9): error TS17004: Cannot use JSX unless the '--jsx' flag is provided.
src/app/more/admin-dashboard/page.tsx(4279,13): error TS17004: Cannot use JSX unless the '--jsx' flag is provided.
src/app/more/admin-dashboard/page.tsx(4280,15): error TS17004: Cannot use JSX unless the '--jsx' flag is provided.
src/app/more/admin-dashboard/page.tsx(4281,17): error TS17004: Cannot use JSX unless the '--jsx' flag is provided.
src/app/more/admin-dashboard/page.tsx(4282,19): error TS17004: Cannot use JSX unless the '--jsx' flag is provided.
src/app/more/admin-dashboard/page.tsx(4283,19): error TS17004: Cannot use JSX unless the '--jsx' flag is provided.
src/app/more/admin-dashboard/page.tsx(4287,21): error TS17004: Cannot use JSX unless the '--jsx' flag is provided.
src/app/more/admin-dashboard/page.tsx(4288,23): error TS17004: Cannot use JSX unless the '--jsx' flag is provided.
src/app/more/admin-dashboard/page.tsx(4292,17): error TS17004: Cannot use JSX unless the '--jsx' flag is provided.
src/app/more/admin-dashboard/page.tsx(4293,19): error TS17004: Cannot use JSX unless the '--jsx' flag is provided.
src/app/more/admin-dashboard/page.tsx(4294,21): error TS17004: Cannot use JSX unless the '--jsx' flag is provided.
src/app/more/admin-dashboard/page.tsx(4295,21): error TS17004: Cannot use JSX unless the '--jsx' flag is provided.
src/app/more/admin-dashboard/page.tsx(4296,21): error TS17004: Cannot use JSX unless the '--jsx' flag is provided.
src/app/more/admin-dashboard/page.tsx(4297,21): error TS17004: Cannot use JSX unless the '--jsx' flag is provided.
src/app/more/admin-dashboard/page.tsx(4305,37): error TS17004: Cannot use JSX unless the '--jsx' flag is provided.
src/app/more/admin-dashboard/page.tsx(4319,5): error TS17004: Cannot use JSX unless the '--jsx' flag is provided.
src/app/more/admin-dashboard/page.tsx(4320,7): error TS17004: Cannot use JSX unless the '--jsx' flag is provided.
src/app/more/admin-dashboard/page.tsx(4321,9): error TS17004: Cannot use JSX unless the '--jsx' flag is provided.
src/app/more/admin-dashboard/page.tsx(4322,9): error TS17004: Cannot use JSX unless the '--jsx' flag is provided.
src/app/more/admin-dashboard/page.tsx(4324,7): error TS17004: Cannot use JSX unless the '--jsx' flag is provided.
src/app/more/admin-dashboard/page.tsx(4325,9): error TS17004: Cannot use JSX unless the '--jsx' flag is provided.
src/app/more/admin-dashboard/page.tsx(4326,11): error TS17004: Cannot use JSX unless the '--jsx' flag is provided.
src/app/more/admin-dashboard/page.tsx(4327,11): error TS17004: Cannot use JSX unless the '--jsx' flag is provided.
src/app/more/admin-dashboard/page.tsx(4329,9): error TS17004: Cannot use JSX unless the '--jsx' flag is provided.
src/app/more/admin-dashboard/page.tsx(4330,11): error TS17004: Cannot use JSX unless the '--jsx' flag is provided.
src/app/more/admin-dashboard/page.tsx(4331,11): error TS17004: Cannot use JSX unless the '--jsx' flag is provided.
src/app/more/admin-dashboard/page.tsx(4333,9): error TS17004: Cannot use JSX unless the '--jsx' flag is provided.
src/app/more/admin-dashboard/page.tsx(4334,11): error TS17004: Cannot use JSX unless the '--jsx' flag is provided.
src/app/more/admin-dashboard/page.tsx(4335,11): error TS17004: Cannot use JSX unless the '--jsx' flag is provided.
src/app/more/admin-dashboard/page.tsx(4337,9): error TS17004: Cannot use JSX unless the '--jsx' flag is provided.
src/app/more/admin-dashboard/page.tsx(4338,11): error TS17004: Cannot use JSX unless the '--jsx' flag is provided.
src/app/more/admin-dashboard/page.tsx(4339,11): error TS17004: Cannot use JSX unless the '--jsx' flag is provided.
src/app/more/admin-dashboard/page.tsx(4342,7): error TS17004: Cannot use JSX unless the '--jsx' flag is provided.
src/app/more/admin-dashboard/page.tsx(4412,5): error TS17004: Cannot use JSX unless the '--jsx' flag is provided.
src/app/more/admin-dashboard/page.tsx(4413,7): error TS17004: Cannot use JSX unless the '--jsx' flag is provided.
src/app/more/admin-dashboard/page.tsx(4414,7): error TS17004: Cannot use JSX unless the '--jsx' flag is provided.
src/app/more/admin-dashboard/page.tsx(4415,9): error TS17004: Cannot use JSX unless the '--jsx' flag is provided.
src/app/more/admin-dashboard/page.tsx(4416,11): error TS17004: Cannot use JSX unless the '--jsx' flag is provided.
src/app/more/admin-dashboard/page.tsx(4417,13): error TS17004: Cannot use JSX unless the '--jsx' flag is provided.
src/app/more/admin-dashboard/page.tsx(4418,13): error TS17004: Cannot use JSX unless the '--jsx' flag is provided.
src/app/more/admin-dashboard/page.tsx(4419,15): error TS17004: Cannot use JSX unless the '--jsx' flag is provided.
src/app/more/admin-dashboard/page.tsx(4420,15): error TS17004: Cannot use JSX unless the '--jsx' flag is provided.
src/app/more/admin-dashboard/page.tsx(4423,11): error TS17004: Cannot use JSX unless the '--jsx' flag is provided.
src/app/more/admin-dashboard/page.tsx(4424,11): error TS17004: Cannot use JSX unless the '--jsx' flag is provided.
src/app/more/admin-dashboard/page.tsx(4439,9): error TS17004: Cannot use JSX unless the '--jsx' flag is provided.
src/app/more/admin-dashboard/page.tsx(4440,11): error TS17004: Cannot use JSX unless the '--jsx' flag is provided.
src/app/more/admin-dashboard/page.tsx(4448,9): error TS17004: Cannot use JSX unless the '--jsx' flag is provided.
src/app/more/admin-dashboard/page.tsx(4450,13): error TS17004: Cannot use JSX unless the '--jsx' flag is provided.
src/app/more/admin-dashboard/page.tsx(4456,17): error TS17004: Cannot use JSX unless the '--jsx' flag is provided.
src/app/more/admin-dashboard/page.tsx(4457,19): error TS17004: Cannot use JSX unless the '--jsx' flag is provided.
src/app/more/admin-dashboard/page.tsx(4458,19): error TS17004: Cannot use JSX unless the '--jsx' flag is provided.
src/app/more/admin-dashboard/page.tsx(4460,23): error TS17004: Cannot use JSX unless the '--jsx' flag is provided.
src/app/more/admin-dashboard/page.tsx(4465,25): error TS17004: Cannot use JSX unless the '--jsx' flag is provided.
src/app/more/admin-dashboard/page.tsx(4466,25): error TS17004: Cannot use JSX unless the '--jsx' flag is provided.
src/app/more/admin-dashboard/page.tsx(4476,7): error TS17004: Cannot use JSX unless the '--jsx' flag is provided.
src/app/more/admin-dashboard/page.tsx(4477,9): error TS17004: Cannot use JSX unless the '--jsx' flag is provided.
src/app/more/admin-dashboard/page.tsx(4478,11): error TS17004: Cannot use JSX unless the '--jsx' flag is provided.
src/app/more/admin-dashboard/page.tsx(4479,13): error TS17004: Cannot use JSX unless the '--jsx' flag is provided.
src/app/more/admin-dashboard/page.tsx(4480,15): error TS17004: Cannot use JSX unless the '--jsx' flag is provided.
src/app/more/admin-dashboard/page.tsx(4481,15): error TS17004: Cannot use JSX unless the '--jsx' flag is provided.
src/app/more/admin-dashboard/page.tsx(4483,13): error TS17004: Cannot use JSX unless the '--jsx' flag is provided.
src/app/more/admin-dashboard/page.tsx(4484,15): error TS17004: Cannot use JSX unless the '--jsx' flag is provided.
src/app/more/admin-dashboard/page.tsx(4485,15): error TS17004: Cannot use JSX unless the '--jsx' flag is provided.
src/app/more/admin-dashboard/page.tsx(4488,11): error TS17004: Cannot use JSX unless the '--jsx' flag is provided.
src/app/more/admin-dashboard/page.tsx(4489,13): error TS17004: Cannot use JSX unless the '--jsx' flag is provided.
src/app/more/admin-dashboard/page.tsx(4490,15): error TS17004: Cannot use JSX unless the '--jsx' flag is provided.
src/app/more/admin-dashboard/page.tsx(4491,15): error TS17004: Cannot use JSX unless the '--jsx' flag is provided.
src/app/more/admin-dashboard/page.tsx(4492,15): error TS17004: Cannot use JSX unless the '--jsx' flag is provided.
src/app/more/admin-dashboard/page.tsx(4494,13): error TS17004: Cannot use JSX unless the '--jsx' flag is provided.
src/app/more/admin-dashboard/page.tsx(4495,15): error TS17004: Cannot use JSX unless the '--jsx' flag is provided.
src/app/more/admin-dashboard/page.tsx(4496,15): error TS17004: Cannot use JSX unless the '--jsx' flag is provided.
src/app/more/admin-dashboard/page.tsx(4497,15): error TS17004: Cannot use JSX unless the '--jsx' flag is provided.
src/app/more/admin-dashboard/page.tsx(4499,13): error TS17004: Cannot use JSX unless the '--jsx' flag is provided.
src/app/more/admin-dashboard/page.tsx(4500,15): error TS17004: Cannot use JSX unless the '--jsx' flag is provided.
src/app/more/admin-dashboard/page.tsx(4501,15): error TS17004: Cannot use JSX unless the '--jsx' flag is provided.
src/app/more/admin-dashboard/page.tsx(4502,15): error TS17004: Cannot use JSX unless the '--jsx' flag is provided.
src/app/more/admin-dashboard/page.tsx(4504,13): error TS17004: Cannot use JSX unless the '--jsx' flag is provided.
src/app/more/admin-dashboard/page.tsx(4505,15): error TS17004: Cannot use JSX unless the '--jsx' flag is provided.
src/app/more/admin-dashboard/page.tsx(4506,15): error TS17004: Cannot use JSX unless the '--jsx' flag is provided.
src/app/more/admin-dashboard/page.tsx(4507,15): error TS17004: Cannot use JSX unless the '--jsx' flag is provided.
src/app/more/admin-dashboard/page.tsx(4509,13): error TS17004: Cannot use JSX unless the '--jsx' flag is provided.
src/app/more/admin-dashboard/page.tsx(4510,15): error TS17004: Cannot use JSX unless the '--jsx' flag is provided.
src/app/more/admin-dashboard/page.tsx(4511,15): error TS17004: Cannot use JSX unless the '--jsx' flag is provided.
src/app/more/admin-dashboard/page.tsx(4512,15): error TS17004: Cannot use JSX unless the '--jsx' flag is provided.
src/app/more/admin-dashboard/page.tsx(4514,13): error TS17004: Cannot use JSX unless the '--jsx' flag is provided.
src/app/more/admin-dashboard/page.tsx(4515,15): error TS17004: Cannot use JSX unless the '--jsx' flag is provided.
src/app/more/admin-dashboard/page.tsx(4516,15): error TS17004: Cannot use JSX unless the '--jsx' flag is provided.
src/app/more/admin-dashboard/page.tsx(4517,15): error TS17004: Cannot use JSX unless the '--jsx' flag is provided.
src/app/more/admin-dashboard/page.tsx(4521,13): error TS17004: Cannot use JSX unless the '--jsx' flag is provided.
src/app/more/admin-dashboard/page.tsx(4522,15): error TS17004: Cannot use JSX unless the '--jsx' flag is provided.
src/app/more/admin-dashboard/page.tsx(4523,17): error TS17004: Cannot use JSX unless the '--jsx' flag is provided.
src/app/more/admin-dashboard/page.tsx(4524,17): error TS17004: Cannot use JSX unless the '--jsx' flag is provided.
src/app/more/admin-dashboard/page.tsx(4525,17): error TS17004: Cannot use JSX unless the '--jsx' flag is provided.
src/app/more/admin-dashboard/page.tsx(4526,17): error TS17004: Cannot use JSX unless the '--jsx' flag is provided.
src/app/more/admin-dashboard/page.tsx(4528,15): error TS17004: Cannot use JSX unless the '--jsx' flag is provided.
src/app/more/admin-dashboard/page.tsx(4529,17): error TS17004: Cannot use JSX unless the '--jsx' flag is provided.
src/app/more/admin-dashboard/page.tsx(4530,19): error TS17004: Cannot use JSX unless the '--jsx' flag is provided.
src/app/more/admin-dashboard/page.tsx(4531,19): error TS17004: Cannot use JSX unless the '--jsx' flag is provided.
src/app/more/admin-dashboard/page.tsx(4534,19): error TS17004: Cannot use JSX unless the '--jsx' flag is provided.
src/app/more/admin-dashboard/page.tsx(4535,21): error TS17004: Cannot use JSX unless the '--jsx' flag is provided.
src/app/more/admin-dashboard/page.tsx(4536,21): error TS17004: Cannot use JSX unless the '--jsx' flag is provided.
src/app/more/admin-dashboard/page.tsx(4537,21): error TS17004: Cannot use JSX unless the '--jsx' flag is provided.
src/app/more/admin-dashboard/page.tsx(4538,21): error TS17004: Cannot use JSX unless the '--jsx' flag is provided.
src/app/more/admin-dashboard/page.tsx(4541,17): error TS17004: Cannot use JSX unless the '--jsx' flag is provided.
src/app/more/admin-dashboard/page.tsx(4542,17): error TS17004: Cannot use JSX unless the '--jsx' flag is provided.
src/app/more/admin-dashboard/page.tsx(4543,17): error TS17004: Cannot use JSX unless the '--jsx' flag is provided.
src/app/more/admin-dashboard/page.tsx(4548,13): error TS17004: Cannot use JSX unless the '--jsx' flag is provided.
src/app/more/admin-dashboard/page.tsx(4549,15): error TS17004: Cannot use JSX unless the '--jsx' flag is provided.
src/app/more/admin-dashboard/page.tsx(4550,15): error TS17004: Cannot use JSX unless the '--jsx' flag is provided.
src/app/more/admin-dashboard/page.tsx(4551,15): error TS17004: Cannot use JSX unless the '--jsx' flag is provided.
src/app/more/admin-dashboard/page.tsx(4555,13): error TS17004: Cannot use JSX unless the '--jsx' flag is provided.
src/app/more/admin-dashboard/page.tsx(4556,15): error TS17004: Cannot use JSX unless the '--jsx' flag is provided.
src/app/more/admin-dashboard/page.tsx(4560,13): error TS17004: Cannot use JSX unless the '--jsx' flag is provided.
src/app/more/admin-dashboard/page.tsx(4561,15): error TS17004: Cannot use JSX unless the '--jsx' flag is provided.
src/app/more/admin-dashboard/page.tsx(4562,15): error TS17004: Cannot use JSX unless the '--jsx' flag is provided.
src/app/more/admin-dashboard/page.tsx(4563,15): error TS17004: Cannot use JSX unless the '--jsx' flag is provided.
src/app/more/admin-dashboard/page.tsx(4567,13): error TS17004: Cannot use JSX unless the '--jsx' flag is provided.
src/app/more/admin-dashboard/page.tsx(4568,15): error TS17004: Cannot use JSX unless the '--jsx' flag is provided.
src/app/more/admin-dashboard/page.tsx(4569,15): error TS17004: Cannot use JSX unless the '--jsx' flag is provided.
src/app/more/admin-dashboard/page.tsx(4570,15): error TS17004: Cannot use JSX unless the '--jsx' flag is provided.
src/app/more/admin-dashboard/page.tsx(4571,15): error TS17004: Cannot use JSX unless the '--jsx' flag is provided.
src/app/more/admin-dashboard/page.tsx(4572,15): error TS17004: Cannot use JSX unless the '--jsx' flag is provided.
src/app/more/admin-dashboard/page.tsx(4576,13): error TS17004: Cannot use JSX unless the '--jsx' flag is provided.
src/app/more/admin-dashboard/page.tsx(4577,15): error TS17004: Cannot use JSX unless the '--jsx' flag is provided.
src/app/more/admin-dashboard/page.tsx(4578,15): error TS17004: Cannot use JSX unless the '--jsx' flag is provided.
src/app/more/admin-dashboard/page.tsx(4579,15): error TS17004: Cannot use JSX unless the '--jsx' flag is provided.
src/app/more/admin-dashboard/page.tsx(4580,15): error TS17004: Cannot use JSX unless the '--jsx' flag is provided.
src/app/more/admin-dashboard/page.tsx(4581,15): error TS17004: Cannot use JSX unless the '--jsx' flag is provided.
src/app/more/admin-dashboard/page.tsx(4582,15): error TS17004: Cannot use JSX unless the '--jsx' flag is provided.
src/app/more/admin-dashboard/page.tsx(4583,15): error TS17004: Cannot use JSX unless the '--jsx' flag is provided.
src/app/more/admin-dashboard/page.tsx(4584,15): error TS17004: Cannot use JSX unless the '--jsx' flag is provided.
src/app/more/admin-dashboard/page.tsx(4585,15): error TS17004: Cannot use JSX unless the '--jsx' flag is provided.
src/app/more/admin-dashboard/page.tsx(4589,13): error TS17004: Cannot use JSX unless the '--jsx' flag is provided.
src/app/more/admin-dashboard/page.tsx(4590,15): error TS17004: Cannot use JSX unless the '--jsx' flag is provided.
src/app/more/admin-dashboard/page.tsx(4594,13): error TS17004: Cannot use JSX unless the '--jsx' flag is provided.
src/app/more/admin-dashboard/page.tsx(4595,15): error TS17004: Cannot use JSX unless the '--jsx' flag is provided.
src/app/more/admin-dashboard/page.tsx(4599,13): error TS17004: Cannot use JSX unless the '--jsx' flag is provided.
src/app/more/admin-dashboard/page.tsx(4600,15): error TS17004: Cannot use JSX unless the '--jsx' flag is provided.
src/app/more/admin-dashboard/page.tsx(4604,13): error TS17004: Cannot use JSX unless the '--jsx' flag is provided.
src/app/more/admin-dashboard/page.tsx(4605,15): error TS17004: Cannot use JSX unless the '--jsx' flag is provided.
src/app/more/admin-dashboard/page.tsx(4609,13): error TS17004: Cannot use JSX unless the '--jsx' flag is provided.
src/app/more/admin-dashboard/page.tsx(4610,15): error TS17004: Cannot use JSX unless the '--jsx' flag is provided.
src/app/more/admin-dashboard/page.tsx(4611,15): error TS17004: Cannot use JSX unless the '--jsx' flag is provided.
src/app/more/admin-dashboard/page.tsx(4612,15): error TS17004: Cannot use JSX unless the '--jsx' flag is provided.
src/app/more/admin-dashboard/page.tsx(4613,15): error TS17004: Cannot use JSX unless the '--jsx' flag is provided.
src/app/more/admin-dashboard/page.tsx(4614,15): error TS17004: Cannot use JSX unless the '--jsx' flag is provided.
src/app/more/admin-dashboard/page.tsx(4615,15): error TS17004: Cannot use JSX unless the '--jsx' flag is provided.
src/app/more/admin-dashboard/page.tsx(4619,13): error TS17004: Cannot use JSX unless the '--jsx' flag is provided.
src/app/more/admin-dashboard/page.tsx(4620,15): error TS17004: Cannot use JSX unless the '--jsx' flag is provided.
src/app/more/admin-dashboard/page.tsx(4621,15): error TS17004: Cannot use JSX unless the '--jsx' flag is provided.
src/app/more/admin-dashboard/page.tsx(4622,15): error TS17004: Cannot use JSX unless the '--jsx' flag is provided.
src/app/more/admin-dashboard/page.tsx(4626,13): error TS17004: Cannot use JSX unless the '--jsx' flag is provided.
src/app/more/admin-dashboard/page.tsx(4627,15): error TS17004: Cannot use JSX unless the '--jsx' flag is provided.
src/app/more/admin-dashboard/page.tsx(4628,15): error TS17004: Cannot use JSX unless the '--jsx' flag is provided.
src/app/more/admin-dashboard/page.tsx(4629,15): error TS17004: Cannot use JSX unless the '--jsx' flag is provided.
src/app/more/admin-dashboard/page.tsx(4633,13): error TS17004: Cannot use JSX unless the '--jsx' flag is provided.
src/app/more/admin-dashboard/page.tsx(4634,15): error TS17004: Cannot use JSX unless the '--jsx' flag is provided.
src/app/more/admin-dashboard/page.tsx(4638,13): error TS17004: Cannot use JSX unless the '--jsx' flag is provided.
src/app/more/admin-dashboard/page.tsx(4639,15): error TS17004: Cannot use JSX unless the '--jsx' flag is provided.
src/app/more/admin-dashboard/page.tsx(4643,13): error TS17004: Cannot use JSX unless the '--jsx' flag is provided.
src/app/more/admin-dashboard/page.tsx(4644,15): error TS17004: Cannot use JSX unless the '--jsx' flag is provided.
src/app/more/admin-dashboard/page.tsx(4645,15): error TS17004: Cannot use JSX unless the '--jsx' flag is provided.
src/app/more/admin-dashboard/page.tsx(4646,15): error TS17004: Cannot use JSX unless the '--jsx' flag is provided.
src/app/more/admin-dashboard/page.tsx(4650,13): error TS17004: Cannot use JSX unless the '--jsx' flag is provided.
src/app/more/admin-dashboard/page.tsx(4651,15): error TS17004: Cannot use JSX unless the '--jsx' flag is provided.
